#0 building with "default" instance using docker driver

#1 [internal] load build definition from Dockerfile
#1 transferring dockerfile: 506B 0.0s done
#1 DONE 0.0s

#2 [internal] load metadata for docker.io/library/node:22-alpine@sha256:0a7108bf6c7bf5de370ffb1a3ed6be93d405b43ff159f681a8d18c0e2bc2e402
#2 DONE 0.0s

#3 [internal] load .dockerignore
#3 transferring context: 68B 0.0s done
#3 DONE 0.0s

#4 [1/5] FROM docker.io/library/node:22-alpine@sha256:0a7108bf6c7bf5de370ffb1a3ed6be93d405b43ff159f681a8d18c0e2bc2e402
#4 resolve docker.io/library/node:22-alpine@sha256:0a7108bf6c7bf5de370ffb1a3ed6be93d405b43ff159f681a8d18c0e2bc2e402 0.0s done
#4 DONE 0.0s

#5 [2/5] WORKDIR /app
#5 CACHED

#6 [internal] load build context
#6 transferring context: 289B 0.2s done
#6 DONE 0.2s

#7 [3/5] COPY package.json package-lock.json ./
#7 DONE 0.0s

#8 [4/5] RUN npm ci --omit=dev --ignore-scripts && npm cache clean --force
#8 1.122 
#8 1.122 up to date, audited 1 package in 844ms
#8 1.123 
#8 1.123 found 0 vulnerabilities
#8 1.420 npm warn using --force Recommended protections disabled.
#8 DONE 1.9s

#9 [5/5] COPY src ./src
#9 DONE 0.1s

#10 exporting to image
#10 exporting layers
#10 exporting layers 0.5s done
#10 exporting manifest sha256:42c9adadff30dc89f19f142555aac578e36acce32503b6ee45758ccd71ba22bc 0.0s done
#10 exporting config sha256:3a0621278c5a2802fdb14bda652c03cc7f20e9e1da28b593ecdb63302f5ac8d9 0.0s done
#10 exporting attestation manifest sha256:0a4c41dd9e018659240b4d04c67ee93ed08600878f456d30b460c209df1ece6f 0.0s done
#10 exporting manifest list sha256:3104df1d89793f1a0940bdbd5311adb55ab0f3dfc7a0bb8d8c9266ff28b0f8a4 0.0s done
#10 naming to docker.io/library/adv-s1-beeaec72ff53-604235:latest
#10 naming to docker.io/library/adv-s1-beeaec72ff53-604235:latest done
#10 unpacking to docker.io/library/adv-s1-beeaec72ff53-604235:latest
#10 unpacking to docker.io/library/adv-s1-beeaec72ff53-604235:latest 0.3s done
#10 DONE 1.0s
