#0 building with "default" instance using docker driver

#1 [internal] load build definition from Dockerfile
#1 transferring dockerfile: 506B 0.1s done
#1 DONE 0.1s

#2 [internal] load metadata for docker.io/library/node:22-alpine@sha256:0a7108bf6c7bf5de370ffb1a3ed6be93d405b43ff159f681a8d18c0e2bc2e402
#2 DONE 0.0s

#3 [internal] load .dockerignore
#3 transferring context: 68B 0.0s done
#3 DONE 0.0s

#4 [internal] load build context
#4 transferring context: 319B 0.1s done
#4 DONE 0.1s

#5 [1/5] FROM docker.io/library/node:22-alpine@sha256:0a7108bf6c7bf5de370ffb1a3ed6be93d405b43ff159f681a8d18c0e2bc2e402
#5 resolve docker.io/library/node:22-alpine@sha256:0a7108bf6c7bf5de370ffb1a3ed6be93d405b43ff159f681a8d18c0e2bc2e402 0.0s done
#5 DONE 0.0s

#6 [2/5] WORKDIR /app
#6 CACHED

#7 [3/5] COPY package.json package-lock.json ./
#7 DONE 0.0s

#8 [4/5] RUN npm ci --omit=dev --ignore-scripts && npm cache clean --force
#8 1.155 
#8 1.155 up to date, audited 1 package in 769ms
#8 1.159 
#8 1.159 found 0 vulnerabilities
#8 1.399 npm warn using --force Recommended protections disabled.
#8 DONE 1.7s

#9 [5/5] COPY src ./src
#9 DONE 0.0s

#10 exporting to image
#10 exporting layers
#10 exporting layers 0.2s done
#10 exporting manifest sha256:5641d099f0330fe53d89d24c7082d3996f7b7457957c5a68713858de17f69cb7 0.0s done
#10 exporting config sha256:66d5c01f3a573cd71e87044f4372cfe0ccdca754954c1aadc6ea88ed0b5dffcb 0.0s done
#10 exporting attestation manifest sha256:4bcc4fe35e5ffbf40a2f3d888dca25091bdafb377b6ed923a4cc07606123c684 0.0s done
#10 exporting manifest list sha256:27e4dba2256258f66044d5d6e63c14bdc5f0f9182e7c805d412b5473700707e1 0.0s done
#10 naming to docker.io/library/adv-s2base-s1-661859:latest done
#10 unpacking to docker.io/library/adv-s2base-s1-661859:latest 0.1s done
#10 DONE 0.3s
