#0 building with "default" instance using docker driver

#1 [internal] load build definition from Dockerfile
#1 transferring dockerfile: 506B 0.2s done
#1 DONE 0.2s

#2 [internal] load metadata for docker.io/library/node:22-alpine@sha256:0a7108bf6c7bf5de370ffb1a3ed6be93d405b43ff159f681a8d18c0e2bc2e402
#2 DONE 0.1s

#3 [internal] load .dockerignore
#3 transferring context:
#3 transferring context: 68B 1.3s done
#3 DONE 1.3s

#4 [internal] load build context
#4 ...

#5 [1/5] FROM docker.io/library/node:22-alpine@sha256:0a7108bf6c7bf5de370ffb1a3ed6be93d405b43ff159f681a8d18c0e2bc2e402
#5 resolve docker.io/library/node:22-alpine@sha256:0a7108bf6c7bf5de370ffb1a3ed6be93d405b43ff159f681a8d18c0e2bc2e402 0.1s done
#5 DONE 0.1s

#6 [2/5] WORKDIR /app
#6 CACHED

#4 [internal] load build context
#4 transferring context: 485B 0.6s done
#4 DONE 0.6s

#7 [3/5] COPY package.json package-lock.json ./
#7 DONE 0.0s

#8 [4/5] RUN npm ci --omit=dev --ignore-scripts && npm cache clean --force
#8 0.754 
#8 0.754 up to date, audited 1 package in 472ms
#8 0.758 
#8 0.758 found 0 vulnerabilities
#8 0.889 npm warn using --force Recommended protections disabled.
#8 DONE 1.1s

#9 [5/5] COPY src ./src
#9 DONE 0.0s

#10 exporting to image
#10 exporting layers 0.1s done
#10 exporting manifest sha256:827e034e68a4599f571d008e7f5f8c57d6f4166de68c4c27677ffa696240f51f 0.0s done
#10 exporting config sha256:47e1e97e2a442ac9b3fbc2f4a67652c49e992cd2a8a8eccc50999f2107499547 done
#10 exporting attestation manifest sha256:b7eb025ad249f73314da7726b132ddd62e8d023f33cf3b83582efda36c2989dd 0.0s done
#10 exporting manifest list sha256:9cdaa116750d780c9d9891f02877585e4c5e4b6628b4550cff82978525765c95 done
#10 naming to docker.io/library/adv-s3base2-709254:latest done
#10 unpacking to docker.io/library/adv-s3base2-709254:latest 0.1s done
#10 DONE 0.3s
