#0 building with "default" instance using docker driver

#1 [internal] load build definition from Dockerfile
#1 transferring dockerfile: 506B 0.0s done
#1 DONE 0.0s

#2 [internal] load metadata for docker.io/library/node:22-alpine@sha256:0a7108bf6c7bf5de370ffb1a3ed6be93d405b43ff159f681a8d18c0e2bc2e402
#2 DONE 0.0s

#3 [internal] load .dockerignore
#3 transferring context: 68B 0.0s done
#3 DONE 0.0s

#4 [internal] load build context
#4 transferring context: 518B 0.1s done
#4 DONE 0.1s

#5 [1/5] FROM docker.io/library/node:22-alpine@sha256:0a7108bf6c7bf5de370ffb1a3ed6be93d405b43ff159f681a8d18c0e2bc2e402
#5 resolve docker.io/library/node:22-alpine@sha256:0a7108bf6c7bf5de370ffb1a3ed6be93d405b43ff159f681a8d18c0e2bc2e402 0.0s done
#5 DONE 0.0s

#6 [2/5] WORKDIR /app
#6 CACHED

#7 [3/5] COPY package.json package-lock.json ./
#7 DONE 0.0s

#8 [4/5] RUN npm ci --omit=dev --ignore-scripts && npm cache clean --force
#8 0.549 
#8 0.549 up to date, audited 1 package in 354ms
#8 0.554 
#8 0.554 found 0 vulnerabilities
#8 0.688 npm warn using --force Recommended protections disabled.
#8 DONE 1.1s

#9 [5/5] COPY src ./src
#9 DONE 0.0s

#10 exporting to image
#10 exporting layers
#10 exporting layers 0.3s done
#10 exporting manifest sha256:ee41be7a76c800c1cef56ea2a7329da57b450fe06e1eb2e9c31c67713db7f8bf 0.0s done
#10 exporting config sha256:e58861fd4cc9b3a43ff3efc951cf35aca67c89ddbb6feaf3094a6ae9886a899f 0.0s done
#10 exporting attestation manifest sha256:c546098967b2d09948c983a59eee8de063f5eae147193fa6108990c02183d159 0.0s done
#10 exporting manifest list sha256:560c1418ab092afb1aaf3f4854b4286370549a8d1df9f90b4679c1e9b5f95fe0 0.0s done
#10 naming to docker.io/library/adv-s3-e4d35083b81b-692357:latest done
#10 unpacking to docker.io/library/adv-s3-e4d35083b81b-692357:latest 0.1s done
#10 DONE 0.5s
