#0 building with "default" instance using docker driver

#1 [internal] load build definition from Dockerfile
#1 transferring dockerfile: 506B 0.1s done
#1 DONE 0.1s

#2 [internal] load metadata for docker.io/library/node:22-alpine@sha256:0a7108bf6c7bf5de370ffb1a3ed6be93d405b43ff159f681a8d18c0e2bc2e402
#2 DONE 0.0s

#3 [internal] load .dockerignore
#3 transferring context: 68B 0.1s done
#3 DONE 0.1s

#4 [1/5] FROM docker.io/library/node:22-alpine@sha256:0a7108bf6c7bf5de370ffb1a3ed6be93d405b43ff159f681a8d18c0e2bc2e402
#4 resolve docker.io/library/node:22-alpine@sha256:0a7108bf6c7bf5de370ffb1a3ed6be93d405b43ff159f681a8d18c0e2bc2e402 0.0s done
#4 DONE 0.0s

#5 [2/5] WORKDIR /app
#5 CACHED

#6 [internal] load build context
#6 transferring context: 319B 0.1s done
#6 DONE 0.1s

#7 [3/5] COPY package.json package-lock.json ./
#7 DONE 0.0s

#8 [4/5] RUN npm ci --omit=dev --ignore-scripts && npm cache clean --force
#8 1.053 
#8 1.053 up to date, audited 1 package in 774ms
#8 1.058 
#8 1.058 found 0 vulnerabilities
#8 1.350 npm warn using --force Recommended protections disabled.
#8 DONE 1.8s

#9 [5/5] COPY src ./src
#9 DONE 0.0s

#10 exporting to image
#10 exporting layers
#10 exporting layers 0.2s done
#10 exporting manifest sha256:cd787901c1cc812b3853dece0fc81169cbde2690fd09255db7efb77e3f24ebfd 0.0s done
#10 exporting config sha256:d9990758917e33c7ddd36a78c2541c144a192ec718a2099ad0d6c0122d07135b 0.0s done
#10 exporting attestation manifest sha256:18787295f188bc3b6b6dc2fd61dd15cdd4cd55dfb239026857a4fb3d1266b4db 0.0s done
#10 exporting manifest list sha256:4eb3af48b84e55318af928b9e050c7258e2922c5d8e5fd2954bb55e86352d22f 0.0s done
#10 naming to docker.io/library/adv-s3base1-692357:latest done
#10 unpacking to docker.io/library/adv-s3base1-692357:latest 0.1s done
#10 DONE 0.5s
