#0 building with "default" instance using docker driver

#1 [internal] load build definition from Dockerfile
#1 transferring dockerfile: 506B 0.0s done
#1 DONE 0.0s

#2 [internal] load metadata for docker.io/library/node:22-alpine@sha256:0a7108bf6c7bf5de370ffb1a3ed6be93d405b43ff159f681a8d18c0e2bc2e402
#2 DONE 0.0s

#3 [internal] load .dockerignore
#3 transferring context: 68B 0.0s done
#3 DONE 0.0s

#4 [1/5] FROM docker.io/library/node:22-alpine@sha256:0a7108bf6c7bf5de370ffb1a3ed6be93d405b43ff159f681a8d18c0e2bc2e402
#4 resolve docker.io/library/node:22-alpine@sha256:0a7108bf6c7bf5de370ffb1a3ed6be93d405b43ff159f681a8d18c0e2bc2e402 0.0s done
#4 DONE 0.0s

#5 [2/5] WORKDIR /app
#5 CACHED

#6 [internal] load build context
#6 transferring context: 319B 0.0s done
#6 DONE 0.0s

#7 [3/5] COPY package.json package-lock.json ./
#7 DONE 0.0s

#8 [4/5] RUN npm ci --omit=dev --ignore-scripts && npm cache clean --force
#8 0.476 
#8 0.476 up to date, audited 1 package in 278ms
#8 0.477 
#8 0.477 found 0 vulnerabilities
#8 0.568 npm warn using --force Recommended protections disabled.
#8 DONE 0.7s

#9 [5/5] COPY src ./src
#9 DONE 0.0s

#10 exporting to image
#10 exporting layers 0.1s done
#10 exporting manifest sha256:12d36a21913767ac56dae2d428ea6d3ac034e1219363ee066187bf1cdfe1092b done
#10 exporting config sha256:54a7d68d77d0731c59927f8d788b77d2daea48fd123f75bc5201eeabfaf015e2 done
#10 exporting attestation manifest sha256:6c480170cae4324f0fc84cff5db37317f446bfcb8675c7660d1f5a873e27c651 done
#10 exporting manifest list sha256:966cd7d14eadfaec8e2673b3d1baa74c6e0033356fd7fbae926b1f1664b2e104 done
#10 naming to docker.io/library/adv-s1-beeaec72ff53-611590:latest done
#10 unpacking to docker.io/library/adv-s1-beeaec72ff53-611590:latest 0.1s done
#10 DONE 0.2s
