#0 building with "default" instance using docker driver

#1 [internal] load build definition from Dockerfile
#1 transferring dockerfile: 30B 0.1s
#1 transferring dockerfile: 506B 0.1s done
#1 DONE 0.2s

#2 [internal] load metadata for docker.io/library/node:22-alpine@sha256:0a7108bf6c7bf5de370ffb1a3ed6be93d405b43ff159f681a8d18c0e2bc2e402
#2 DONE 0.0s

#3 [internal] load .dockerignore
#3 transferring context: 68B 0.1s done
#3 DONE 0.1s

#4 [1/5] FROM docker.io/library/node:22-alpine@sha256:0a7108bf6c7bf5de370ffb1a3ed6be93d405b43ff159f681a8d18c0e2bc2e402
#4 resolve docker.io/library/node:22-alpine@sha256:0a7108bf6c7bf5de370ffb1a3ed6be93d405b43ff159f681a8d18c0e2bc2e402 0.0s done
#4 DONE 0.0s

#5 [2/5] WORKDIR /app
#5 CACHED

#6 [internal] load build context
#6 transferring context: 485B 0.3s done
#6 DONE 0.3s

#7 [3/5] COPY package.json package-lock.json ./
#7 DONE 0.0s

#8 [4/5] RUN npm ci --omit=dev --ignore-scripts && npm cache clean --force
#8 1.383 
#8 1.383 up to date, audited 1 package in 946ms
#8 1.383 
#8 1.383 found 0 vulnerabilities
#8 1.592 npm warn using --force Recommended protections disabled.
#8 DONE 1.9s

#9 [5/5] COPY src ./src
#9 DONE 0.0s

#10 exporting to image
#10 exporting layers
#10 exporting layers 0.2s done
#10 exporting manifest sha256:36046db9232874934fad70243780ecbfd2189452114673bca71371bbb03f6d6c 0.0s done
#10 exporting config sha256:26410ba5a10a0914d459ee1295c5a8a8249d11b344b5f46018875827b9b9f27c 0.0s done
#10 exporting attestation manifest sha256:22ed0a8affeebe47a8b1dfa20c954e8b4a312bab22c1144c273b143ac565440a 0.0s done
#10 exporting manifest list sha256:3cb21dfed9749d4aab220f81152be2274f9505e098ec7fd6c32ede339c927863 0.0s done
#10 naming to docker.io/library/adv-s3base2-690509:latest done
#10 unpacking to docker.io/library/adv-s3base2-690509:latest
#10 unpacking to docker.io/library/adv-s3base2-690509:latest 0.2s done
#10 DONE 0.5s
