#0 building with "default" instance using docker driver

#1 [internal] load build definition from Dockerfile
#1 transferring dockerfile: 506B 0.0s done
#1 DONE 0.1s

#2 [internal] load metadata for docker.io/library/node:22-alpine@sha256:0a7108bf6c7bf5de370ffb1a3ed6be93d405b43ff159f681a8d18c0e2bc2e402
#2 DONE 0.0s

#3 [internal] load .dockerignore
#3 transferring context: 68B 0.1s done
#3 DONE 0.1s

#4 [1/5] FROM docker.io/library/node:22-alpine@sha256:0a7108bf6c7bf5de370ffb1a3ed6be93d405b43ff159f681a8d18c0e2bc2e402
#4 resolve docker.io/library/node:22-alpine@sha256:0a7108bf6c7bf5de370ffb1a3ed6be93d405b43ff159f681a8d18c0e2bc2e402 0.1s done
#4 DONE 0.1s

#5 [2/5] WORKDIR /app
#5 CACHED

#6 [internal] load build context
#6 transferring context: 319B 0.4s done
#6 DONE 0.4s

#7 [3/5] COPY package.json package-lock.json ./
#7 DONE 0.1s

#8 [4/5] RUN npm ci --omit=dev --ignore-scripts && npm cache clean --force
#8 1.245 
#8 1.245 up to date, audited 1 package in 859ms
#8 1.245 
#8 1.245 found 0 vulnerabilities
#8 1.547 npm warn using --force Recommended protections disabled.
#8 DONE 1.8s

#9 [5/5] COPY src ./src
#9 DONE 0.0s

#10 exporting to image
#10 exporting layers
#10 exporting layers 0.2s done
#10 exporting manifest sha256:1339e7adcb015d59b4fe6d67fe209b387a10bd95c0723d140c00f09f03074fe4 0.0s done
#10 exporting config sha256:0681e83495ddd69faf266a0e0e0fa771c07b9a6d220c01b0dd0a813a5952e999 0.0s done
#10 exporting attestation manifest sha256:439629cab3e600c966a8044515439413774621de5e3a076c219afb7d37f4dc4c 0.0s done
#10 exporting manifest list sha256:d1b03f719c16d4bbb76f0d3515e83ae4fe610309b3f6a6f1c6c988d84fa98f1f 0.0s done
#10 naming to docker.io/library/adv-s3base1-690509:latest done
#10 unpacking to docker.io/library/adv-s3base1-690509:latest 0.1s done
#10 DONE 0.4s
