#0 building with "default" instance using docker driver

#1 [internal] load build definition from Dockerfile
#1 transferring dockerfile: 506B 0.0s done
#1 DONE 0.0s

#2 [internal] load metadata for docker.io/library/node:22-alpine@sha256:0a7108bf6c7bf5de370ffb1a3ed6be93d405b43ff159f681a8d18c0e2bc2e402
#2 DONE 0.1s

#3 [internal] load .dockerignore
#3 transferring context: 68B 0.0s done
#3 DONE 0.0s

#4 [1/5] FROM docker.io/library/node:22-alpine@sha256:0a7108bf6c7bf5de370ffb1a3ed6be93d405b43ff159f681a8d18c0e2bc2e402
#4 resolve docker.io/library/node:22-alpine@sha256:0a7108bf6c7bf5de370ffb1a3ed6be93d405b43ff159f681a8d18c0e2bc2e402 0.0s done
#4 DONE 0.0s

#5 [2/5] WORKDIR /app
#5 CACHED

#6 [internal] load build context
#6 transferring context: 319B 0.1s done
#6 DONE 0.1s

#7 [3/5] COPY package.json package-lock.json ./
#7 DONE 0.0s

#8 [4/5] RUN npm ci --omit=dev --ignore-scripts && npm cache clean --force
#8 0.845 
#8 0.845 up to date, audited 1 package in 525ms
#8 0.848 
#8 0.848 found 0 vulnerabilities
#8 1.051 npm warn using --force Recommended protections disabled.
#8 DONE 1.3s

#9 [5/5] COPY src ./src
#9 DONE 0.1s

#10 exporting to image
#10 exporting layers
#10 exporting layers 0.2s done
#10 exporting manifest sha256:ba79abba6a61655fe6c22fb08fa83804070f776dfebee942000c73101953d208 0.0s done
#10 exporting config sha256:f1ee7d9507f665af64345fabebf2564f9d2dde2afa18b36e20434f52d64c1320 done
#10 exporting attestation manifest sha256:54369065c9b411b857310cacde4ade323bc3b4678a4fb437a1d0f558255bd325 0.0s done
#10 exporting manifest list sha256:196d220b17485f0f9cb876d4075af383f0b8e084362cf5a6cdb3c41b529604c9 done
#10 naming to docker.io/library/adv-s1-beeaec72ff53-605224:latest done
#10 unpacking to docker.io/library/adv-s1-beeaec72ff53-605224:latest 0.1s done
#10 DONE 0.3s
