#0 building with "default" instance using docker driver

#1 [internal] load build definition from Dockerfile
#1 transferring dockerfile: 506B 0.0s done
#1 DONE 0.1s

#2 [internal] load metadata for docker.io/library/node:22-alpine@sha256:0a7108bf6c7bf5de370ffb1a3ed6be93d405b43ff159f681a8d18c0e2bc2e402
#2 DONE 0.0s

#3 [internal] load .dockerignore
#3 transferring context: 32B 0.0s
#3 transferring context: 68B 0.0s done
#3 DONE 0.0s

#4 [1/5] FROM docker.io/library/node:22-alpine@sha256:0a7108bf6c7bf5de370ffb1a3ed6be93d405b43ff159f681a8d18c0e2bc2e402
#4 resolve docker.io/library/node:22-alpine@sha256:0a7108bf6c7bf5de370ffb1a3ed6be93d405b43ff159f681a8d18c0e2bc2e402 0.0s done
#4 DONE 0.0s

#5 [2/5] WORKDIR /app
#5 CACHED

#6 [internal] load build context
#6 transferring context: 319B 0.1s done
#6 DONE 0.1s

#7 [3/5] COPY package.json package-lock.json ./
#7 DONE 0.0s

#8 [4/5] RUN npm ci --omit=dev --ignore-scripts && npm cache clean --force
#8 0.703 
#8 0.703 up to date, audited 1 package in 433ms
#8 0.704 
#8 0.704 found 0 vulnerabilities
#8 0.893 npm warn using --force Recommended protections disabled.
#8 DONE 1.1s

#9 [5/5] COPY src ./src
#9 DONE 0.0s

#10 exporting to image
#10 exporting layers
#10 exporting layers 0.2s done
#10 exporting manifest sha256:799b25b0881e79eaa0920088e0f6109a695eda15800ed1d2ff2f280745147c6a 0.0s done
#10 exporting config sha256:9d0e9a1b2e0d0f189c197e9f979d234f0f5d1e7e92a8758638f3cd0bc67111e7 0.0s done
#10 exporting attestation manifest sha256:b3cac6de7c31f77a19986b091fda9e333b7ef6329652b830f7479cb85407a513 0.0s done
#10 exporting manifest list sha256:f590a338c07c55581a7464694e981ff3a3027d05ebc4a9cd2f54e9a38e2ddc60 0.0s done
#10 naming to docker.io/library/adv-s1-beeaec72ff53-610588:latest done
#10 unpacking to docker.io/library/adv-s1-beeaec72ff53-610588:latest
#10 unpacking to docker.io/library/adv-s1-beeaec72ff53-610588:latest 0.2s done
#10 DONE 0.5s
