#0 building with "default" instance using docker driver

#1 [internal] load build definition from Dockerfile
#1 transferring dockerfile: 506B 0.0s done
#1 DONE 0.0s

#2 [internal] load metadata for docker.io/library/node:22-alpine@sha256:0a7108bf6c7bf5de370ffb1a3ed6be93d405b43ff159f681a8d18c0e2bc2e402
#2 DONE 0.0s

#3 [internal] load .dockerignore
#3 transferring context: 68B 0.0s done
#3 DONE 0.0s

#4 [internal] load build context
#4 transferring context: 319B 0.0s done
#4 DONE 0.0s

#5 [1/5] FROM docker.io/library/node:22-alpine@sha256:0a7108bf6c7bf5de370ffb1a3ed6be93d405b43ff159f681a8d18c0e2bc2e402
#5 resolve docker.io/library/node:22-alpine@sha256:0a7108bf6c7bf5de370ffb1a3ed6be93d405b43ff159f681a8d18c0e2bc2e402 0.0s done
#5 DONE 0.0s

#6 [2/5] WORKDIR /app
#6 CACHED

#7 [3/5] COPY package.json package-lock.json ./
#7 DONE 0.0s

#8 [4/5] RUN npm ci --omit=dev --ignore-scripts && npm cache clean --force
#8 0.500 
#8 0.500 up to date, audited 1 package in 292ms
#8 0.503 
#8 0.503 found 0 vulnerabilities
#8 0.598 npm warn using --force Recommended protections disabled.
#8 DONE 0.7s

#9 [5/5] COPY src ./src
#9 DONE 0.0s

#10 exporting to image
#10 exporting layers 0.1s done
#10 exporting manifest sha256:0925367605265251f26ff7e22b04fe049e0258f426400af928e9b1cf7e4f89a3 done
#10 exporting config sha256:5d6e8b56197624679b299013442b73a9163305918e5421313286e3312418345a done
#10 exporting attestation manifest sha256:6e73b53d541eb1f9c5f5550de725f862a7bca484b342091c3b65da1a4929c063 done
#10 exporting manifest list sha256:5e1caa145618378ee6f36eeb6c9eb8b50b93b0d59ed9e60666fe2798200a2b15 done
#10 naming to docker.io/library/adv-s1-beeaec72ff53-613563:latest done
#10 unpacking to docker.io/library/adv-s1-beeaec72ff53-613563:latest 0.0s done
#10 DONE 0.2s
