#0 building with "default" instance using docker driver

#1 [internal] load build definition from Dockerfile
#1 transferring dockerfile: 506B 0.1s done
#1 DONE 0.1s

#2 [internal] load metadata for docker.io/library/node:22-alpine@sha256:0a7108bf6c7bf5de370ffb1a3ed6be93d405b43ff159f681a8d18c0e2bc2e402
#2 DONE 0.0s

#3 [internal] load .dockerignore
#3 transferring context: 68B 0.0s done
#3 DONE 0.0s

#4 [internal] load build context
#4 ...

#5 [1/5] FROM docker.io/library/node:22-alpine@sha256:0a7108bf6c7bf5de370ffb1a3ed6be93d405b43ff159f681a8d18c0e2bc2e402
#5 resolve docker.io/library/node:22-alpine@sha256:0a7108bf6c7bf5de370ffb1a3ed6be93d405b43ff159f681a8d18c0e2bc2e402 0.1s done
#5 DONE 0.1s

#6 [2/5] WORKDIR /app
#6 CACHED

#4 [internal] load build context
#4 transferring context: 485B 0.3s done
#4 DONE 0.3s

#7 [3/5] COPY package.json package-lock.json ./
#7 DONE 0.0s

#8 [4/5] RUN npm ci --omit=dev --ignore-scripts && npm cache clean --force
#8 1.005 
#8 1.005 up to date, audited 1 package in 677ms
#8 1.010 
#8 1.010 found 0 vulnerabilities
#8 1.235 npm warn using --force Recommended protections disabled.
#8 DONE 1.4s

#9 [5/5] COPY src ./src
#9 DONE 0.1s

#10 exporting to image
#10 exporting layers
#10 exporting layers 0.2s done
#10 exporting manifest sha256:362f15d51d376b09b050fcbc2e0a7a4f620e1fd9617e65111668b9d7a7e6868c 0.0s done
#10 exporting config sha256:fe8e49a66f15d0353efbe59fe0db93b6c216e3645c1de0557230f886fb9a9cc8 0.0s done
#10 exporting attestation manifest sha256:0741a16714e285e478f5965dd4ba5c6da295e8462dc089317fb84c2fa0a1e949 0.0s done
#10 exporting manifest list sha256:a97b55f2ac4c8a01da9a9867543b31f488aba245b93f337c3b57bc658351f542 0.0s done
#10 naming to docker.io/library/adv-s4base2-727746:latest
#10 naming to docker.io/library/adv-s4base2-727746:latest 0.3s done
#10 unpacking to docker.io/library/adv-s4base2-727746:latest
#10 unpacking to docker.io/library/adv-s4base2-727746:latest 0.1s done
#10 DONE 0.7s
