#0 building with "default" instance using docker driver

#1 [internal] load build definition from Dockerfile
#1 transferring dockerfile: 506B 0.1s done
#1 DONE 0.1s

#2 [internal] load metadata for docker.io/library/node:22-alpine@sha256:0a7108bf6c7bf5de370ffb1a3ed6be93d405b43ff159f681a8d18c0e2bc2e402
#2 DONE 0.0s

#3 [internal] load .dockerignore
#3 transferring context: 68B 0.0s done
#3 DONE 0.1s

#4 [internal] load build context
#4 ...

#5 [1/5] FROM docker.io/library/node:22-alpine@sha256:0a7108bf6c7bf5de370ffb1a3ed6be93d405b43ff159f681a8d18c0e2bc2e402
#5 resolve docker.io/library/node:22-alpine@sha256:0a7108bf6c7bf5de370ffb1a3ed6be93d405b43ff159f681a8d18c0e2bc2e402 0.0s done
#5 DONE 0.0s

#6 [2/5] WORKDIR /app
#6 CACHED

#4 [internal] load build context
#4 transferring context: 518B 0.2s done
#4 DONE 0.2s

#7 [3/5] COPY package.json package-lock.json ./
#7 DONE 0.0s

#8 [4/5] RUN npm ci --omit=dev --ignore-scripts && npm cache clean --force
#8 0.833 
#8 0.833 up to date, audited 1 package in 599ms
#8 0.837 
#8 0.837 found 0 vulnerabilities
#8 1.123 npm warn using --force Recommended protections disabled.
#8 DONE 1.6s

#9 [5/5] COPY src ./src
#9 DONE 0.2s

#10 exporting to image
#10 exporting layers
#10 exporting layers 1.0s done
#10 exporting manifest sha256:bc098fffc16867996180e7b87176cff5784ce627b0c6c191ca2209534c5765a3 0.1s done
#10 exporting config sha256:251d046dae860dc7431ab8a02c309df866f74f24700a9bd81a2cde4d26d3890e 0.1s done
#10 exporting attestation manifest sha256:02901dbd376ac390ea5c2264f52e4e3543e7393c5028c31ef80127f1a8a3e09b 0.1s done
#10 exporting manifest list sha256:b8376b2c908a04ff9e68fadbc9bec1a6cf6b091a45014c13a277e89ba379645c
#10 exporting manifest list sha256:b8376b2c908a04ff9e68fadbc9bec1a6cf6b091a45014c13a277e89ba379645c 0.0s done
#10 naming to docker.io/library/adv-s4base3-727746:latest 0.0s done
#10 unpacking to docker.io/library/adv-s4base3-727746:latest
#10 unpacking to docker.io/library/adv-s4base3-727746:latest 0.2s done
#10 DONE 1.6s
