== adversary stage-4 run 2026-09-29T00:34:41Z
candidate_sha=181947069ba933c39661835296e89a891847c2a3 clone_head=181947069ba933c39661835296e89a891847c2a3
trees stage4=c7d50a979b158832f15055289bf8f44b5f5edb8b stage3=f586c4995f31122e887e462d54590b955f6b45a2 stage2=a8e6178d7b9d5ba4dde4999e78730fa99ff80fe2 stage1=347efba502629e5b5bbd730f35c34bdfe208c478
clone_status_begin
clone_status_end
s1_source=beeaec72ff53fa75469c5f09236a786632f21fd8 tree=347efba502629e5b5bbd730f35c34bdfe208c478
s2_source=68583038e7ea52429b062af0f775d3cbfd96b7c3 tree=a8e6178d7b9d5ba4dde4999e78730fa99ff80fe2
s3_source=51a0bdd1c48207fb3e22fb163d1fd7972123aa3d tree=f586c4995f31122e887e462d54590b955f6b45a2
test_rev=c60966f83cb56a0ef5772890cc6b0d9cb6066e20 test_dirty=clean
docker client=29.8.0 server=29.8.0
Python 3.12.3
build stage-4 exit=0 seconds=3
build stage-1 exit=0 seconds=4
build stage-2 exit=0 seconds=4
build stage-3 exit=0 seconds=6
stage4_a port=62838 health_s=1
stage4_b port=62839 health_s=1
stage1_accepted port=62840 health_s=1
stage2_accepted port=62842 health_s=1
stage3_accepted port=62845 health_s=1
stage4_c(PORT unset) port=62846 health_s=2 body={"status":"ok"}
suite_stage4 exit=0 seconds=7 10 passed, 20 deselected, 1 warning in 5.93s
stats adv4-a-727746 cpu=0.03% mem=14.06MiB / 2GiB
stats adv4-b-727746 cpu=0.00% mem=11.03MiB / 2GiB
stage4_a restarts=0 oom=false running=true
== done 2026-09-29T00:35:17Z
