#0 building with "default" instance using docker driver

#1 [internal] load build definition from Dockerfile
#1 transferring dockerfile: 506B 0.0s done
#1 DONE 0.1s

#2 [internal] load metadata for docker.io/library/node:22-alpine@sha256:0a7108bf6c7bf5de370ffb1a3ed6be93d405b43ff159f681a8d18c0e2bc2e402
#2 DONE 0.0s

#3 [internal] load .dockerignore
#3 transferring context: 32B 0.0s
#3 transferring context: 68B 0.1s done
#3 DONE 0.1s

#4 [1/5] FROM docker.io/library/node:22-alpine@sha256:0a7108bf6c7bf5de370ffb1a3ed6be93d405b43ff159f681a8d18c0e2bc2e402
#4 resolve docker.io/library/node:22-alpine@sha256:0a7108bf6c7bf5de370ffb1a3ed6be93d405b43ff159f681a8d18c0e2bc2e402 0.0s done
#4 DONE 0.0s

#5 [2/5] WORKDIR /app
#5 CACHED

#6 [internal] load build context
#6 transferring context: 110.27kB 0.1s done
#6 DONE 0.2s

#7 [3/5] COPY package.json package-lock.json ./
#7 DONE 0.2s

#8 [4/5] RUN npm ci --omit=dev --ignore-scripts && npm cache clean --force
#8 0.714 
#8 0.714 up to date, audited 1 package in 462ms
#8 0.717 
#8 0.717 found 0 vulnerabilities
#8 0.844 npm warn using --force Recommended protections disabled.
#8 DONE 1.0s

#9 [5/5] COPY src ./src
#9 DONE 0.0s

#10 exporting to image
#10 exporting layers 0.1s done
#10 exporting manifest sha256:a2b2528793b4954c84fb517fcde128ff13915c8dde079da3b55b694a0775dc58 done
#10 exporting config sha256:0bd45330260e36a9cf51807cf6d91e8c6e30b6f6c9036fbec30dee465ff0416b done
#10 exporting attestation manifest sha256:937fac18dade7bcbc1683ed7fa64f555a46e61ee3682c606a567ee8efe9cecec 0.0s done
#10 exporting manifest list sha256:e43c41a569a056ace88a6c584d1cbcf279b5b45bade628b2926bc8e8ba87fabc done
#10 naming to docker.io/library/adv-s2-f1f0847d23be-631616:latest done
#10 unpacking to docker.io/library/adv-s2-f1f0847d23be-631616:latest 0.1s done
#10 DONE 0.3s
