#0 building with "default" instance using docker driver

#1 [internal] load build definition from Dockerfile
#1 transferring dockerfile: 506B 0.1s done
#1 DONE 0.1s

#2 [internal] load metadata for docker.io/library/node:22-alpine@sha256:0a7108bf6c7bf5de370ffb1a3ed6be93d405b43ff159f681a8d18c0e2bc2e402
#2 DONE 0.0s

#3 [internal] load .dockerignore
#3 transferring context: 68B 0.1s done
#3 DONE 0.1s

#4 [1/5] FROM docker.io/library/node:22-alpine@sha256:0a7108bf6c7bf5de370ffb1a3ed6be93d405b43ff159f681a8d18c0e2bc2e402
#4 resolve docker.io/library/node:22-alpine@sha256:0a7108bf6c7bf5de370ffb1a3ed6be93d405b43ff159f681a8d18c0e2bc2e402 0.0s done
#4 DONE 0.0s

#5 [2/5] WORKDIR /app
#5 CACHED

#6 [internal] load build context
#6 transferring context: 46.37kB 0.1s done
#6 DONE 0.1s

#7 [3/5] COPY package.json package-lock.json ./
#7 DONE 0.0s

#8 [4/5] RUN npm ci --omit=dev --ignore-scripts && npm cache clean --force
#8 1.226 
#8 1.226 up to date, audited 1 package in 770ms
#8 1.230 
#8 1.230 found 0 vulnerabilities
#8 1.493 npm warn using --force Recommended protections disabled.
#8 DONE 2.1s

#9 [5/5] COPY src ./src
#9 DONE 0.1s

#10 exporting to image
#10 exporting layers
#10 exporting layers 0.4s done
#10 exporting manifest sha256:53288136446dd838f909437a41e3412d9dae5dc4b4a071840f841a683b547165 0.1s done
#10 exporting config sha256:7590d5594e0688f3fb78b68542e6ef97aae05a50102231df6b5d160270eb59e9 0.1s done
#10 exporting attestation manifest sha256:bc1e43cb57664c9d740a438d732b265f29cc81947a1b97a174702edb82bb03f6 0.0s done
#10 exporting manifest list sha256:c50a0206db8f92d95feca9b64bd312737426fdff01804cf3ccb84e8a1443ecac 0.0s done
#10 naming to docker.io/library/adv-s2base-s1-631616:latest done
#10 unpacking to docker.io/library/adv-s2base-s1-631616:latest
#10 unpacking to docker.io/library/adv-s2base-s1-631616:latest 0.2s done
#10 DONE 0.8s
