#0 building with "default" instance using docker driver

#1 [internal] load build definition from Dockerfile
#1 transferring dockerfile: 506B 0.1s done
#1 DONE 0.1s

#2 [internal] load metadata for docker.io/library/node:22-alpine@sha256:0a7108bf6c7bf5de370ffb1a3ed6be93d405b43ff159f681a8d18c0e2bc2e402
#2 DONE 0.0s

#3 [internal] load .dockerignore
#3 transferring context: 68B 0.1s done
#3 DONE 0.1s

#4 [1/5] FROM docker.io/library/node:22-alpine@sha256:0a7108bf6c7bf5de370ffb1a3ed6be93d405b43ff159f681a8d18c0e2bc2e402
#4 resolve docker.io/library/node:22-alpine@sha256:0a7108bf6c7bf5de370ffb1a3ed6be93d405b43ff159f681a8d18c0e2bc2e402 0.0s done
#4 DONE 0.0s

#5 [2/5] WORKDIR /app
#5 CACHED

#6 [internal] load build context
#6 transferring context: 518B 1.1s done
#6 DONE 1.6s

#7 [3/5] COPY package.json package-lock.json ./
#7 DONE 0.0s

#8 [4/5] RUN npm ci --omit=dev --ignore-scripts && npm cache clean --force
#8 1.005 
#8 1.005 up to date, audited 1 package in 585ms
#8 1.007 
#8 1.007 found 0 vulnerabilities
#8 1.216 npm warn using --force Recommended protections disabled.
#8 DONE 1.5s

#9 [5/5] COPY src ./src
#9 DONE 0.1s

#10 exporting to image
#10 exporting layers
#10 exporting layers 0.2s done
#10 exporting manifest sha256:7b83377f26df7bb55cf44c9b4d7bb6f5525fdb91b5799663ceb52ab54ab6e00c 0.0s done
#10 exporting config sha256:f0aa04a65b14569b97fbc827fc6a67b702244aa62b4ca5d25c248836f21e4a76 0.0s done
#10 exporting attestation manifest sha256:0c93cd05c09c0a02700cd2115e6573c01d39d74b5be70db029686b84499998fe 0.0s done
#10 exporting manifest list sha256:466c5ca834c817797875c1f968f269f7df38a229e3230aa9cbd6bcafbde8e8e7 0.0s done
#10 naming to docker.io/library/adv-s3-51a0bdd1c482-708449:latest done
#10 unpacking to docker.io/library/adv-s3-51a0bdd1c482-708449:latest 0.1s done
#10 DONE 0.4s
