#0 building with "default" instance using docker driver

#1 [internal] load build definition from Dockerfile
#1 transferring dockerfile: 506B 0.1s done
#1 DONE 0.2s

#2 [internal] load metadata for docker.io/library/node:22-alpine@sha256:0a7108bf6c7bf5de370ffb1a3ed6be93d405b43ff159f681a8d18c0e2bc2e402
#2 DONE 0.0s

#3 [internal] load .dockerignore
#3 transferring context: 68B 0.0s done
#3 DONE 0.0s

#4 [1/5] FROM docker.io/library/node:22-alpine@sha256:0a7108bf6c7bf5de370ffb1a3ed6be93d405b43ff159f681a8d18c0e2bc2e402
#4 resolve docker.io/library/node:22-alpine@sha256:0a7108bf6c7bf5de370ffb1a3ed6be93d405b43ff159f681a8d18c0e2bc2e402 0.0s done
#4 DONE 0.1s

#5 [2/5] WORKDIR /app
#5 CACHED

#6 [internal] load build context
#6 transferring context: 110.98kB 0.2s done
#6 DONE 0.2s

#7 [3/5] COPY package.json package-lock.json ./
#7 DONE 0.1s

#8 [4/5] RUN npm ci --omit=dev --ignore-scripts && npm cache clean --force
#8 1.208 
#8 1.208 up to date, audited 1 package in 851ms
#8 1.225 
#8 1.225 found 0 vulnerabilities
#8 1.610 npm warn using --force Recommended protections disabled.
#8 DONE 1.9s

#9 [5/5] COPY src ./src
#9 DONE 0.0s

#10 exporting to image
#10 exporting layers
#10 exporting layers 0.2s done
#10 exporting manifest sha256:4910c6d7dbca59e5e8841980c13805f8567e1293790995e046dda3676d34ba05 0.0s done
#10 exporting config sha256:df4068680cc6bd99f9be5ab34fb74d61abf8dfff0b7dff51299238dd556096d5 0.0s done
#10 exporting attestation manifest sha256:250d9b673d7f72dc86faaa85aff451ed66c1c3fe4b243d0ac1317ce7c6be2771 0.0s done
#10 exporting manifest list sha256:3592ebed56b8ab388de8ed97d9974daf529bc2e5e4b5aaa8e8ab85639145111e 0.0s done
#10 naming to docker.io/library/adv-s3base2-708449:latest done
#10 unpacking to docker.io/library/adv-s3base2-708449:latest 0.1s done
#10 DONE 0.4s
