#0 building with "default" instance using docker driver

#1 [internal] load build definition from Dockerfile
#1 transferring dockerfile: 504B 0.2s
#1 transferring dockerfile: 506B 0.2s done
#1 DONE 0.2s

#2 [internal] load metadata for docker.io/library/node:22-alpine@sha256:0a7108bf6c7bf5de370ffb1a3ed6be93d405b43ff159f681a8d18c0e2bc2e402
#2 DONE 0.0s

#3 [internal] load .dockerignore
#3 transferring context: 32B 0.1s
#3 transferring context: 68B 0.1s done
#3 DONE 0.2s

#4 [1/5] FROM docker.io/library/node:22-alpine@sha256:0a7108bf6c7bf5de370ffb1a3ed6be93d405b43ff159f681a8d18c0e2bc2e402
#4 resolve docker.io/library/node:22-alpine@sha256:0a7108bf6c7bf5de370ffb1a3ed6be93d405b43ff159f681a8d18c0e2bc2e402 0.0s done
#4 DONE 0.1s

#5 [internal] load build context
#5 transferring context: 46.37kB 0.1s done
#5 DONE 0.1s

#6 [2/5] WORKDIR /app
#6 CACHED

#7 [3/5] COPY package.json package-lock.json ./
#7 DONE 0.0s

#8 [4/5] RUN npm ci --omit=dev --ignore-scripts && npm cache clean --force
#8 1.023 
#8 1.023 up to date, audited 1 package in 659ms
#8 1.024 
#8 1.024 found 0 vulnerabilities
#8 1.212 npm warn using --force Recommended protections disabled.
#8 DONE 1.5s

#9 [5/5] COPY src ./src
#9 DONE 0.2s

#10 exporting to image
#10 exporting layers
#10 exporting layers 0.3s done
#10 exporting manifest sha256:c9b61541bc2e5c451df6003d346b236bc688747288bd7456d502b9ef7d23f7d5 0.1s done
#10 exporting config sha256:93f83cbc2d64e093d75365282917d14b4f86f503e285045fcc4587b4c00bf3b7 0.0s done
#10 exporting attestation manifest sha256:8595f01a951d30406ab317729312bd4e4389530cc555b815919552e0d7d78440 0.0s done
#10 exporting manifest list sha256:8f3910b3f4d43a53a8eb1117a02a5355703a7125d9929383eb7befbd29d3e7bb
#10 exporting manifest list sha256:8f3910b3f4d43a53a8eb1117a02a5355703a7125d9929383eb7befbd29d3e7bb 0.0s done
#10 naming to docker.io/library/adv-s3base1-708449:latest done
#10 unpacking to docker.io/library/adv-s3base1-708449:latest 0.1s done
#10 DONE 0.7s
