#0 building with "default" instance using docker driver

#1 [internal] load build definition from Dockerfile
#1 transferring dockerfile: 506B 0.1s done
#1 DONE 0.1s

#2 [internal] load metadata for docker.io/library/node:22-alpine@sha256:0a7108bf6c7bf5de370ffb1a3ed6be93d405b43ff159f681a8d18c0e2bc2e402
#2 DONE 0.0s

#3 [internal] load .dockerignore
#3 transferring context: 68B 0.1s done
#3 DONE 0.1s

#4 [1/5] FROM docker.io/library/node:22-alpine@sha256:0a7108bf6c7bf5de370ffb1a3ed6be93d405b43ff159f681a8d18c0e2bc2e402
#4 resolve docker.io/library/node:22-alpine@sha256:0a7108bf6c7bf5de370ffb1a3ed6be93d405b43ff159f681a8d18c0e2bc2e402 0.0s done
#4 DONE 0.0s

#5 [2/5] WORKDIR /app
#5 CACHED

#6 [internal] load build context
#6 transferring context: 319B 0.2s done
#6 DONE 0.2s

#7 [3/5] COPY package.json package-lock.json ./
#7 DONE 0.0s

#8 [4/5] RUN npm ci --omit=dev --ignore-scripts && npm cache clean --force
#8 0.820 
#8 0.820 up to date, audited 1 package in 511ms
#8 0.826 
#8 0.826 found 0 vulnerabilities
#8 0.948 npm warn using --force Recommended protections disabled.
#8 DONE 1.1s

#9 [5/5] COPY src ./src
#9 DONE 0.0s

#10 exporting to image
#10 exporting layers 0.1s done
#10 exporting manifest sha256:0559056757315bbc374d57d1ccb8bffb6ff09a6f1c73eb1623a6d4a6ecf10aaf 0.0s done
#10 exporting config sha256:8dfc6ba3294f8c9bd9087f1a0d38881e46a085df68f62d5b44746a92f0886b9a done
#10 exporting attestation manifest sha256:c2e7e5d5714da7f3e3c7cfdb3b630503a7531fc5a17ebfe63f02213751149641 done
#10 exporting manifest list sha256:1a1540ade66d2e015c3681b4a01ed4219c29749ee965d7d3cd7c728c41cd825b done
#10 naming to docker.io/library/adv-s2base-s1-641261:latest done
#10 unpacking to docker.io/library/adv-s2base-s1-641261:latest 0.1s done
#10 DONE 0.3s
