#0 building with "default" instance using docker driver

#1 [internal] load build definition from Dockerfile
#1 transferring dockerfile: 506B 0.0s done
#1 DONE 0.0s

#2 [internal] load metadata for docker.io/library/node:22-alpine@sha256:0a7108bf6c7bf5de370ffb1a3ed6be93d405b43ff159f681a8d18c0e2bc2e402
#2 DONE 0.0s

#3 [internal] load .dockerignore
#3 transferring context: 68B 0.0s done
#3 DONE 0.0s

#4 [internal] load build context
#4 transferring context: 485B 0.1s done
#4 DONE 0.1s

#5 [1/5] FROM docker.io/library/node:22-alpine@sha256:0a7108bf6c7bf5de370ffb1a3ed6be93d405b43ff159f681a8d18c0e2bc2e402
#5 resolve docker.io/library/node:22-alpine@sha256:0a7108bf6c7bf5de370ffb1a3ed6be93d405b43ff159f681a8d18c0e2bc2e402 0.0s done
#5 DONE 0.0s

#6 [2/5] WORKDIR /app
#6 CACHED

#7 [3/5] COPY package.json package-lock.json ./
#7 DONE 0.0s

#8 [4/5] RUN npm ci --omit=dev --ignore-scripts && npm cache clean --force
#8 0.560 
#8 0.560 up to date, audited 1 package in 366ms
#8 0.561 
#8 0.561 found 0 vulnerabilities
#8 0.697 npm warn using --force Recommended protections disabled.
#8 DONE 0.9s

#9 [5/5] COPY src ./src
#9 DONE 0.0s

#10 exporting to image
#10 exporting layers 0.1s done
#10 exporting manifest sha256:de45f1b7d26aa955ee30ed7bde5abffe117d5fb0912eed35c1891616ba807993 done
#10 exporting config sha256:daebcebda3c60f3710f0a181a9d9e82e01fe746732fce5f93d2155ff2af0b8be done
#10 exporting attestation manifest sha256:607cb634aeea3bc1fc861ae2929cfc6878e64f0829d31ee3025723f5d874b527 done
#10 exporting manifest list sha256:11c46e6df82eb475066536dc2bb84c9d3065f6fb801c130a2ec778f7af96a839 done
#10 naming to docker.io/library/adv-s2-f1f0847d23be-641261:latest done
#10 unpacking to docker.io/library/adv-s2-f1f0847d23be-641261:latest 0.1s done
#10 DONE 0.2s
