#0 building with "default" instance using docker driver

#1 [internal] load build definition from Dockerfile
#1 transferring dockerfile: 506B 0.0s done
#1 DONE 0.0s

#2 [internal] load metadata for docker.io/library/node:22-alpine@sha256:0a7108bf6c7bf5de370ffb1a3ed6be93d405b43ff159f681a8d18c0e2bc2e402
#2 DONE 0.0s

#3 [internal] load .dockerignore
#3 transferring context: 68B 0.0s done
#3 DONE 0.0s

#4 [1/5] FROM docker.io/library/node:22-alpine@sha256:0a7108bf6c7bf5de370ffb1a3ed6be93d405b43ff159f681a8d18c0e2bc2e402
#4 resolve docker.io/library/node:22-alpine@sha256:0a7108bf6c7bf5de370ffb1a3ed6be93d405b43ff159f681a8d18c0e2bc2e402 0.0s done
#4 DONE 0.0s

#5 [2/5] WORKDIR /app
#5 CACHED

#6 [internal] load build context
#6 transferring context: 518B 0.1s done
#6 DONE 0.1s

#7 [3/5] COPY package.json package-lock.json ./
#7 DONE 0.0s

#8 [4/5] RUN npm ci --omit=dev --ignore-scripts && npm cache clean --force
#8 0.540 
#8 0.540 up to date, audited 1 package in 327ms
#8 0.543 
#8 0.543 found 0 vulnerabilities
#8 0.642 npm warn using --force Recommended protections disabled.
#8 DONE 0.8s

#9 [5/5] COPY src ./src
#9 DONE 0.0s

#10 exporting to image
#10 exporting layers 0.1s done
#10 exporting manifest sha256:365e13e8d73100af3fbc8f1fa243d1953c62507c6918c658863007b2cfb87f82 0.0s done
#10 exporting config sha256:837ba1c0d29401a48f99a34d549bd1b872efbf48f197fa606ced8875f901b219 done
#10 exporting attestation manifest sha256:6a4f6fdd9f4e1639549d1fc31e38780d0785f2aa3f681e7d21d2e0d0ff38fd77 done
#10 exporting manifest list sha256:a04a525bf3aaa1bccca9c56da055c90f1084134b860072ce6613b23232dccb50 done
#10 naming to docker.io/library/adv-s3-51a0bdd1c482-710210:latest done
#10 unpacking to docker.io/library/adv-s3-51a0bdd1c482-710210:latest 0.1s done
#10 DONE 0.3s
