== adversary stage-3 run 2026-09-29T00:04:11Z
candidate_sha=51a0bdd1c48207fb3e22fb163d1fd7972123aa3d clone_head=51a0bdd1c48207fb3e22fb163d1fd7972123aa3d
trees stage3=f586c4995f31122e887e462d54590b955f6b45a2 stage2=a8e6178d7b9d5ba4dde4999e78730fa99ff80fe2 stage1=347efba502629e5b5bbd730f35c34bdfe208c478
clone_status_begin
clone_status_end
s1_source=beeaec72ff53fa75469c5f09236a786632f21fd8 tree=347efba502629e5b5bbd730f35c34bdfe208c478
s2_source=68583038e7ea52429b062af0f775d3cbfd96b7c3 tree=a8e6178d7b9d5ba4dde4999e78730fa99ff80fe2
test_rev=9e49497e2a2334ea381347bf33162cb2387010f8 test_dirty=clean
docker client=29.8.0 server=29.8.0
Python 3.12.3
build stage-3 exit=0 seconds=2
build stage-1 exit=0 seconds=7
build stage-2 exit=0 seconds=4
stage3_a port=60477 health_s=0
stage3_b port=60478 health_s=1
stage1_accepted port=60480 health_s=1
stage2_accepted port=60483 health_s=1
stage3_c(PORT unset) port=60484 health_s=1 body={"status":"ok"}
suite_stage3 exit=0 seconds=8 6 passed, 44 deselected in 7.11s
stats adv3-a-710210 cpu=0.03% mem=21.52MiB / 2GiB
stats adv3-b-710210 cpu=0.00% mem=9.84MiB / 2GiB
stage3_a restarts=0 oom=false running=true
== done 2026-09-29T00:04:43Z
