#0 building with "default" instance using docker driver

#1 [internal] load build definition from Dockerfile
#1 transferring dockerfile: 506B 0.1s done
#1 DONE 0.1s

#2 [internal] load metadata for docker.io/library/node:22-alpine@sha256:0a7108bf6c7bf5de370ffb1a3ed6be93d405b43ff159f681a8d18c0e2bc2e402
#2 DONE 0.1s

#3 [internal] load .dockerignore
#3 transferring context: 68B 0.1s done
#3 DONE 0.1s

#4 [internal] load build context
#4 ...

#5 [1/5] FROM docker.io/library/node:22-alpine@sha256:0a7108bf6c7bf5de370ffb1a3ed6be93d405b43ff159f681a8d18c0e2bc2e402
#5 resolve docker.io/library/node:22-alpine@sha256:0a7108bf6c7bf5de370ffb1a3ed6be93d405b43ff159f681a8d18c0e2bc2e402 0.0s done
#5 DONE 0.0s

#6 [2/5] WORKDIR /app
#6 CACHED

#4 [internal] load build context
#4 transferring context: 110.98kB 0.2s done
#4 DONE 0.2s

#7 [3/5] COPY package.json package-lock.json ./
#7 DONE 0.0s

#8 [4/5] RUN npm ci --omit=dev --ignore-scripts && npm cache clean --force
#8 1.381 
#8 1.381 up to date, audited 1 package in 890ms
#8 1.381 
#8 1.381 found 0 vulnerabilities
#8 1.590 npm warn using --force Recommended protections disabled.
#8 DONE 1.8s

#9 [5/5] COPY src ./src
#9 DONE 0.0s

#10 exporting to image
#10 exporting layers
#10 exporting layers 0.2s done
#10 exporting manifest sha256:c512225dd55aa6067fc3338f9fa50803b73bb040ac989cfa136e68e638b002f8 0.0s done
#10 exporting config sha256:fc3a663b0416d312461d71d4d237dbf9f6b12d90bdf7c1640b2840f42a0f990f 0.0s done
#10 exporting attestation manifest sha256:d2cd8b60c871173cce33c784dbfee07e9a4328f552512a8063d778066fe39a75 0.0s done
#10 exporting manifest list sha256:9db4adcfb43125252e297b384bb2fe1d33b9b0af83745350ab78d62217d7fda4 done
#10 naming to docker.io/library/adv-s3base2-688814:latest done
#10 unpacking to docker.io/library/adv-s3base2-688814:latest 0.1s done
#10 DONE 0.4s
