#0 building with "default" instance using docker driver

#1 [internal] load build definition from Dockerfile
#1 transferring dockerfile: 506B 0.0s done
#1 DONE 0.0s

#2 [internal] load metadata for docker.io/library/node:22-alpine@sha256:0a7108bf6c7bf5de370ffb1a3ed6be93d405b43ff159f681a8d18c0e2bc2e402
#2 DONE 0.1s

#3 [internal] load .dockerignore
#3 transferring context: 68B 0.0s done
#3 DONE 0.0s

#4 [1/5] FROM docker.io/library/node:22-alpine@sha256:0a7108bf6c7bf5de370ffb1a3ed6be93d405b43ff159f681a8d18c0e2bc2e402
#4 resolve docker.io/library/node:22-alpine@sha256:0a7108bf6c7bf5de370ffb1a3ed6be93d405b43ff159f681a8d18c0e2bc2e402 0.0s done
#4 DONE 0.0s

#5 [2/5] WORKDIR /app
#5 CACHED

#6 [internal] load build context
#6 transferring context: 518B 0.1s done
#6 DONE 0.1s

#7 [3/5] COPY package.json package-lock.json ./
#7 DONE 0.1s

#8 [4/5] RUN npm ci --omit=dev --ignore-scripts && npm cache clean --force
#8 1.113 
#8 1.113 up to date, audited 1 package in 726ms
#8 1.117 
#8 1.117 found 0 vulnerabilities
#8 1.340 npm warn using --force Recommended protections disabled.
#8 DONE 1.8s

#9 [5/5] COPY src ./src
#9 DONE 0.1s

#10 exporting to image
#10 exporting layers
#10 exporting layers 0.2s done
#10 exporting manifest sha256:80562f3fc4d60a8376db9cfb3f9899d315e68bdc8ebd10ef7457c7a4f9c6d7eb 0.0s done
#10 exporting config sha256:3d84727cc0e22bcbf90069296bb506e298eca7e3a4af3b9458fa291311873278 0.0s done
#10 exporting attestation manifest sha256:e7305b9bc19f15b85a21e527e8f7929ac1ff1309e26fb329317d816fa43c1e31 0.0s done
#10 exporting manifest list sha256:6d74e3a5f80d7b70f4839fd7ae8c84535dd17187855200960a477c49e7361c28 0.0s done
#10 naming to docker.io/library/adv-s3-e4d35083b81b-688814:latest done
#10 unpacking to docker.io/library/adv-s3-e4d35083b81b-688814:latest 0.1s done
#10 DONE 0.5s
