#0 building with "default" instance using docker driver

#1 [internal] load build definition from Dockerfile
#1 transferring dockerfile: 506B 0.1s done
#1 DONE 0.1s

#2 [internal] load metadata for docker.io/library/node:22-alpine@sha256:0a7108bf6c7bf5de370ffb1a3ed6be93d405b43ff159f681a8d18c0e2bc2e402
#2 DONE 0.0s

#3 [internal] load .dockerignore
#3 transferring context: 68B 0.1s done
#3 DONE 0.1s

#4 [1/5] FROM docker.io/library/node:22-alpine@sha256:0a7108bf6c7bf5de370ffb1a3ed6be93d405b43ff159f681a8d18c0e2bc2e402
#4 resolve docker.io/library/node:22-alpine@sha256:0a7108bf6c7bf5de370ffb1a3ed6be93d405b43ff159f681a8d18c0e2bc2e402 0.0s done
#4 DONE 0.0s

#5 [internal] load build context
#5 transferring context: 110.98kB 0.1s done
#5 DONE 0.1s

#6 [2/5] WORKDIR /app
#6 CACHED

#7 [3/5] COPY package.json package-lock.json ./
#7 DONE 0.0s

#8 [4/5] RUN npm ci --omit=dev --ignore-scripts && npm cache clean --force
#8 0.621 
#8 0.621 up to date, audited 1 package in 403ms
#8 0.623 
#8 0.623 found 0 vulnerabilities
#8 0.739 npm warn using --force Recommended protections disabled.
#8 DONE 0.9s

#9 [5/5] COPY src ./src
#9 DONE 0.0s

#10 exporting to image
#10 exporting layers 0.1s done
#10 exporting manifest sha256:26f4e511162cc4c8a8dd2e14d0ad76db63e6e2e2bed706ca1f480f14ed56fe27 0.0s done
#10 exporting config sha256:55d24011f557335df7f0ce6a348f25d6c5c8a1198e980696470c3ae57f74435d 0.0s done
#10 exporting attestation manifest sha256:31ac78f4f9a6fb97bd5d5b3db5d26b34d3e18da392094a3185da1fb1b2e72f73 0.0s done
#10 exporting manifest list sha256:be2cc6f5a6d056e5b01c357ab7caaec1677e009f4102cd73507effed2c7f1e73 done
#10 naming to docker.io/library/adv-s4base2-726997:latest done
#10 unpacking to docker.io/library/adv-s4base2-726997:latest 0.1s done
#10 DONE 0.3s
