#0 building with "default" instance using docker driver

#1 [internal] load build definition from Dockerfile
#1 transferring dockerfile: 506B 0.1s done
#1 DONE 0.1s

#2 [internal] load metadata for docker.io/library/node:22-alpine@sha256:0a7108bf6c7bf5de370ffb1a3ed6be93d405b43ff159f681a8d18c0e2bc2e402
#2 DONE 0.0s

#3 [internal] load .dockerignore
#3 transferring context: 68B 0.0s done
#3 DONE 0.0s

#4 [1/5] FROM docker.io/library/node:22-alpine@sha256:0a7108bf6c7bf5de370ffb1a3ed6be93d405b43ff159f681a8d18c0e2bc2e402
#4 resolve docker.io/library/node:22-alpine@sha256:0a7108bf6c7bf5de370ffb1a3ed6be93d405b43ff159f681a8d18c0e2bc2e402 0.0s done
#4 DONE 0.0s

#5 [2/5] WORKDIR /app
#5 CACHED

#6 [internal] load build context
#6 transferring context: 140.58kB 0.1s done
#6 DONE 0.1s

#7 [3/5] COPY package.json package-lock.json ./
#7 DONE 0.0s

#8 [4/5] RUN npm ci --omit=dev --ignore-scripts && npm cache clean --force
#8 0.981 
#8 0.981 up to date, audited 1 package in 683ms
#8 0.986 
#8 0.986 found 0 vulnerabilities
#8 1.156 npm warn using --force Recommended protections disabled.
#8 DONE 1.4s

#9 [5/5] COPY src ./src
#9 DONE 0.0s

#10 exporting to image
#10 exporting layers
#10 exporting layers 0.2s done
#10 exporting manifest sha256:b21926c37368fb1bbe33f93ea911d8d0fa5eb8630d9bc2d0e3121ff20b0cb193 0.0s done
#10 exporting config sha256:8399f985fe41d346551920790bf7c026247d649fcca4ed54949991d0f81963f7 0.0s done
#10 exporting attestation manifest sha256:bd259b5e5b7e47c32532368fb6ae87ed24e072eaeccedd1a1b178e521a289003 0.0s done
#10 exporting manifest list sha256:ffedd8e0318c00af933b3e8a4a254a7d61d0b0920650285b7c340ab26c2b162c 0.0s done
#10 naming to docker.io/library/adv-s4-181947069ba9-726997:latest done
#10 unpacking to docker.io/library/adv-s4-181947069ba9-726997:latest 0.1s done
#10 DONE 0.4s
