#0 building with "default" instance using docker driver

#1 [internal] load build definition from Dockerfile
#1 transferring dockerfile: 506B 0.0s done
#1 DONE 0.0s

#2 [internal] load metadata for docker.io/library/node:22-alpine@sha256:0a7108bf6c7bf5de370ffb1a3ed6be93d405b43ff159f681a8d18c0e2bc2e402
#2 DONE 0.0s

#3 [internal] load .dockerignore
#3 transferring context: 32B 0.0s
#3 transferring context: 68B 0.1s done
#3 DONE 0.1s

#4 [1/5] FROM docker.io/library/node:22-alpine@sha256:0a7108bf6c7bf5de370ffb1a3ed6be93d405b43ff159f681a8d18c0e2bc2e402
#4 resolve docker.io/library/node:22-alpine@sha256:0a7108bf6c7bf5de370ffb1a3ed6be93d405b43ff159f681a8d18c0e2bc2e402 0.0s done
#4 DONE 0.0s

#5 [2/5] WORKDIR /app
#5 CACHED

#6 [internal] load build context
#6 transferring context: 46.37kB 0.1s done
#6 DONE 0.1s

#7 [3/5] COPY package.json package-lock.json ./
#7 DONE 0.1s

#8 [4/5] RUN npm ci --omit=dev --ignore-scripts && npm cache clean --force
#8 1.050 
#8 1.050 up to date, audited 1 package in 777ms
#8 1.050 
#8 1.050 found 0 vulnerabilities
#8 1.347 npm warn using --force Recommended protections disabled.
#8 DONE 1.8s

#9 [5/5] COPY src ./src
#9 DONE 0.0s

#10 exporting to image
#10 exporting layers
#10 exporting layers 0.2s done
#10 exporting manifest sha256:730732af7a9a8543b7d4ee27d58cfac19fc64855ae5bfc711d5a7c2e7cd1ca2e 0.0s done
#10 exporting config sha256:7190f54212dc1e1cdf7d3bf384bad033837ace99dfebc0d96da2907af5627088 0.0s done
#10 exporting attestation manifest sha256:be7d2df8d5c632520a7a347ee022dd4c330fad83f20b9c080a95456f3caa3676 0.0s done
#10 exporting manifest list sha256:3c5536f97d9c250315cf2550f8a47dbb741ee741526a5512ce3fe89dcc86c790 0.0s done
#10 naming to docker.io/library/adv-s4base1-726997:latest
#10 naming to docker.io/library/adv-s4base1-726997:latest done
#10 unpacking to docker.io/library/adv-s4base1-726997:latest 0.1s done
#10 DONE 0.5s
