#0 building with "default" instance using docker driver

#1 [internal] load build definition from Dockerfile
#1 transferring dockerfile: 506B 0.0s done
#1 DONE 0.0s

#2 [internal] load metadata for docker.io/library/node:22-alpine@sha256:0a7108bf6c7bf5de370ffb1a3ed6be93d405b43ff159f681a8d18c0e2bc2e402
#2 DONE 0.1s

#3 [internal] load .dockerignore
#3 transferring context: 68B 0.0s done
#3 DONE 0.0s

#4 [1/5] FROM docker.io/library/node:22-alpine@sha256:0a7108bf6c7bf5de370ffb1a3ed6be93d405b43ff159f681a8d18c0e2bc2e402
#4 resolve docker.io/library/node:22-alpine@sha256:0a7108bf6c7bf5de370ffb1a3ed6be93d405b43ff159f681a8d18c0e2bc2e402 0.0s done
#4 DONE 0.0s

#5 [2/5] WORKDIR /app
#5 CACHED

#6 [internal] load build context
#6 transferring context: 485B 0.1s done
#6 DONE 0.1s

#7 [3/5] COPY package.json package-lock.json ./
#7 DONE 0.0s

#8 [4/5] RUN npm ci --omit=dev --ignore-scripts && npm cache clean --force
#8 0.644 
#8 0.644 up to date, audited 1 package in 417ms
#8 0.648 
#8 0.648 found 0 vulnerabilities
#8 0.824 npm warn using --force Recommended protections disabled.
#8 DONE 1.0s

#9 [5/5] COPY src ./src
#9 DONE 0.0s

#10 exporting to image
#10 exporting layers
#10 exporting layers 0.2s done
#10 exporting manifest sha256:bff1f66b39e74ea91f97c81f53c3d34fe0cb219fc0bc1dad883f831f4ab32be2 0.0s done
#10 exporting config sha256:2606ee909a2a00b4056a83450ec57d179d70f6c6c9c08aa435fd0d732f92220a 0.0s done
#10 exporting attestation manifest sha256:d80ab77c16db6d8991bec2f5c032ffed4356662bf698fcb5733ae5e9f66369e0 0.0s done
#10 exporting manifest list sha256:ffbeba0fbdd5d70cf3a0bd31326941a0f97d9e81d55a77fc81c4e75e27040c1f
#10 exporting manifest list sha256:ffbeba0fbdd5d70cf3a0bd31326941a0f97d9e81d55a77fc81c4e75e27040c1f 0.0s done
#10 naming to docker.io/library/adv-s2-f1f0847d23be-640268:latest done
#10 unpacking to docker.io/library/adv-s2-f1f0847d23be-640268:latest 0.1s done
#10 DONE 0.6s
