#0 building with "default" instance using docker driver

#1 [internal] load build definition from Dockerfile
#1 transferring dockerfile: 506B 0.0s done
#1 DONE 0.0s

#2 [internal] load metadata for docker.io/library/node:22-alpine@sha256:0a7108bf6c7bf5de370ffb1a3ed6be93d405b43ff159f681a8d18c0e2bc2e402
#2 DONE 0.0s

#3 [internal] load .dockerignore
#3 transferring context: 68B 0.0s done
#3 DONE 0.0s

#4 [1/5] FROM docker.io/library/node:22-alpine@sha256:0a7108bf6c7bf5de370ffb1a3ed6be93d405b43ff159f681a8d18c0e2bc2e402
#4 resolve docker.io/library/node:22-alpine@sha256:0a7108bf6c7bf5de370ffb1a3ed6be93d405b43ff159f681a8d18c0e2bc2e402 0.0s done
#4 DONE 0.0s

#5 [2/5] WORKDIR /app
#5 CACHED

#6 [internal] load build context
#6 transferring context: 110.27kB 0.1s done
#6 DONE 0.1s

#7 [3/5] COPY package.json package-lock.json ./
#7 DONE 0.0s

#8 [4/5] RUN npm ci --omit=dev --ignore-scripts && npm cache clean --force
#8 0.826 
#8 0.826 up to date, audited 1 package in 536ms
#8 0.828 
#8 0.828 found 0 vulnerabilities
#8 1.048 npm warn using --force Recommended protections disabled.
#8 DONE 1.5s

#9 [5/5] COPY src ./src
#9 DONE 0.2s

#10 exporting to image
#10 exporting layers
#10 exporting layers 0.5s done
#10 exporting manifest sha256:1306106937354c8ee7b897b2e1c426d2f48aff06fc8dd58758f682532757afd9 0.0s done
#10 exporting config sha256:95577081de13fc535fba8f728fa344d052eba69300bffc2740628026a18a2fd0 0.0s done
#10 exporting attestation manifest sha256:624bf89ce0ec17785f35266e1530a795ebe63276366179c2831cf80f67e4fc19 0.0s done
#10 exporting manifest list sha256:30938708ff6080aa2275f5939acc43e050029881d4bf7bdd184fa24f4bbf9f90 0.0s done
#10 naming to docker.io/library/adv-s2-f1f0847d23be-648763:latest done
#10 unpacking to docker.io/library/adv-s2-f1f0847d23be-648763:latest 0.1s done
#10 DONE 0.8s
