#0 building with "default" instance using docker driver

#1 [internal] load build definition from Dockerfile
#1 transferring dockerfile: 506B 0.1s done
#1 DONE 0.1s

#2 [internal] load metadata for docker.io/library/node:22-alpine@sha256:0a7108bf6c7bf5de370ffb1a3ed6be93d405b43ff159f681a8d18c0e2bc2e402
#2 DONE 0.1s

#3 [internal] load .dockerignore
#3 transferring context: 68B 0.0s done
#3 DONE 0.0s

#4 [1/5] FROM docker.io/library/node:22-alpine@sha256:0a7108bf6c7bf5de370ffb1a3ed6be93d405b43ff159f681a8d18c0e2bc2e402
#4 resolve docker.io/library/node:22-alpine@sha256:0a7108bf6c7bf5de370ffb1a3ed6be93d405b43ff159f681a8d18c0e2bc2e402 0.1s done
#4 DONE 0.1s

#5 [internal] load build context
#5 ...

#6 [2/5] WORKDIR /app
#6 CACHED

#5 [internal] load build context
#5 transferring context: 319B 0.3s done
#5 DONE 0.3s

#7 [3/5] COPY package.json package-lock.json ./
#7 DONE 0.1s

#8 [4/5] RUN npm ci --omit=dev --ignore-scripts && npm cache clean --force
#8 1.298 
#8 1.298 up to date, audited 1 package in 889ms
#8 1.298 
#8 1.298 found 0 vulnerabilities
#8 1.707 npm warn using --force Recommended protections disabled.
#8 DONE 2.1s

#9 [5/5] COPY src ./src
#9 DONE 0.0s

#10 exporting to image
#10 exporting layers
#10 exporting layers 0.2s done
#10 exporting manifest sha256:db4103652819651c327e37b74646a95e2787c5dbfb723e139d8903562635673f
#10 exporting manifest sha256:db4103652819651c327e37b74646a95e2787c5dbfb723e139d8903562635673f 0.0s done
#10 exporting config sha256:6fe8fa52df001d903a3bef35714827e3df56f16ee89978980549ca93e650fc21 0.0s done
#10 exporting attestation manifest sha256:f936af525b30e305fe32150e62ff90e578014713c48c9dcc8404e0039fde32a9 0.0s done
#10 exporting manifest list sha256:cede039dac33f9bfcea0dc02e160aab968ff1216df63c935bc5ee4467177b632 0.0s done
#10 naming to docker.io/library/adv-s2base-s1-648763:latest done
#10 unpacking to docker.io/library/adv-s2base-s1-648763:latest 0.1s done
#10 DONE 0.4s
