== adversary stage-2 run 2026-09-28T22:17:25Z
candidate_sha=f1f0847d23be4b7cee84fcc00436a26ff48a0915 clone_head=f1f0847d23be4b7cee84fcc00436a26ff48a0915
stage2_tree=583b05637641c51decce4c7cac8e75847a8d77f6 stage1_tree_in_candidate=347efba502629e5b5bbd730f35c34bdfe208c478
clone_status_begin
clone_status_end
s1_clone_head=beeaec72ff53fa75469c5f09236a786632f21fd8 s1_tree=347efba502629e5b5bbd730f35c34bdfe208c478
test_rev=bdb21efc6e3ccdbc952f3f6bc24b56313e7a1266 test_dirty=clean
docker client=29.8.0 server=29.8.0
Python 3.12.3
anyio==4.15.1 certifi==2026.7.22 greenlet==3.5.6 h11==0.16.0 httpcore==1.0.9 httpx==0.28.1 idna==3.20 iniconfig==2.3.0 packaging==26.3 playwright==1.63.0 pluggy==1.6.0 pyee==13.0.1 Pygments==2.21.0 pytest==9.1.1 typing_extensions==4.16.0 
chromium 153.0.8010.12
build_stage2_exit=0 seconds=4
build_stage1_exit=0 seconds=5
image2_id=sha256:30938708ff6080aa2275f5939acc43e050029881d4bf7bdd184fa24f4bbf9f90 size=240959145
stage2_a port=52727 health_s=1
stage2_b port=52730 health_s=1
stage1_accepted port=52731 health_s=1
stage2_c(PORT unset) port=52732 health_s=1 body={"status":"ok"}
clock host=1790633861.800118298 container=1790633861
stage2suite_exit=0 seconds=5 3 passed, 145 deselected, 3 warnings in 4.15s
stats adv2-a-648763 cpu=0.01% mem=11.71MiB / 2GiB
stats adv2-b-648763 cpu=0.00% mem=10.34MiB / 2GiB
stats adv2-s1-648763 cpu=1.15% mem=10.71MiB / 2GiB
stage2_a restarts=0 oom=false running=true
== done 2026-09-28T22:17:48Z
