#0 building with "default" instance using docker driver

#1 [internal] load build definition from Dockerfile
#1 transferring dockerfile: 506B 0.1s done
#1 DONE 0.1s

#2 [internal] load metadata for docker.io/library/node:22-alpine@sha256:0a7108bf6c7bf5de370ffb1a3ed6be93d405b43ff159f681a8d18c0e2bc2e402
#2 DONE 0.0s

#3 [internal] load .dockerignore
#3 transferring context: 68B 0.0s done
#3 DONE 0.0s

#4 [internal] load build context
#4 DONE 0.0s

#5 [1/5] FROM docker.io/library/node:22-alpine@sha256:0a7108bf6c7bf5de370ffb1a3ed6be93d405b43ff159f681a8d18c0e2bc2e402
#5 resolve docker.io/library/node:22-alpine@sha256:0a7108bf6c7bf5de370ffb1a3ed6be93d405b43ff159f681a8d18c0e2bc2e402
#5 resolve docker.io/library/node:22-alpine@sha256:0a7108bf6c7bf5de370ffb1a3ed6be93d405b43ff159f681a8d18c0e2bc2e402 0.1s done
#5 DONE 0.1s

#6 [2/5] WORKDIR /app
#6 CACHED

#4 [internal] load build context
#4 transferring context: 319B 0.1s done
#4 DONE 0.1s

#7 [3/5] COPY package.json package-lock.json ./
#7 DONE 0.0s

#8 [4/5] RUN npm ci --omit=dev --ignore-scripts && npm cache clean --force
#8 0.779 
#8 0.779 up to date, audited 1 package in 492ms
#8 0.784 
#8 0.784 found 0 vulnerabilities
#8 0.900 npm warn using --force Recommended protections disabled.
#8 DONE 1.1s

#9 [5/5] COPY src ./src
#9 DONE 0.0s

#10 exporting to image
#10 exporting layers
#10 exporting layers 0.2s done
#10 exporting manifest sha256:cb79d92b76323daf7d14a9da1ed877826877ad79ec4123755d7cd5b92602465f 0.0s done
#10 exporting config sha256:cc95e039ea408073ac31b1c207998246a7fe9101dfde30a5f2e53a98522f7b2e 0.0s done
#10 exporting attestation manifest sha256:9fe54b93615e1a72a20c84fa6d7a487ea1b38996c53cd8737ddd73e9423671b4 0.0s done
#10 exporting manifest list sha256:7ca13eca9af322a086861c3096367d48629c1dbd51f1c32f6b164c3a90007238 0.0s done
#10 naming to docker.io/library/adv-s2base-s1-642018:latest done
#10 unpacking to docker.io/library/adv-s2base-s1-642018:latest 0.1s done
#10 DONE 0.4s
