#0 building with "default" instance using docker driver

#1 [internal] load build definition from Dockerfile
#1 transferring dockerfile: 506B 0.0s done
#1 DONE 0.0s

#2 [internal] load metadata for docker.io/library/node:22-alpine@sha256:0a7108bf6c7bf5de370ffb1a3ed6be93d405b43ff159f681a8d18c0e2bc2e402
#2 DONE 0.0s

#3 [internal] load .dockerignore
#3 transferring context: 68B 0.0s done
#3 DONE 0.0s

#4 [1/5] FROM docker.io/library/node:22-alpine@sha256:0a7108bf6c7bf5de370ffb1a3ed6be93d405b43ff159f681a8d18c0e2bc2e402
#4 resolve docker.io/library/node:22-alpine@sha256:0a7108bf6c7bf5de370ffb1a3ed6be93d405b43ff159f681a8d18c0e2bc2e402 0.0s done
#4 DONE 0.0s

#5 [2/5] WORKDIR /app
#5 CACHED

#6 [internal] load build context
#6 transferring context: 485B 0.0s done
#6 DONE 0.0s

#7 [3/5] COPY package.json package-lock.json ./
#7 DONE 0.0s

#8 [4/5] RUN npm ci --omit=dev --ignore-scripts && npm cache clean --force
#8 0.467 
#8 0.467 up to date, audited 1 package in 303ms
#8 0.468 
#8 0.468 found 0 vulnerabilities
#8 0.572 npm warn using --force Recommended protections disabled.
#8 DONE 0.8s

#9 [5/5] COPY src ./src
#9 DONE 0.0s

#10 exporting to image
#10 exporting layers
#10 exporting layers 0.2s done
#10 exporting manifest sha256:c702319a555cd585b79d9ee5e20efad1ee7bf30cfc601b572eccce3f08fb8789 0.0s done
#10 exporting config sha256:1fdccba611ea19e3d14b986aa3aba326ebd9ee06bcb5b31d65f8b6095552ddd9 done
#10 exporting attestation manifest sha256:bc31371e7b90759cd5254aef270b3c2e3a500eba31d4462e759ad8ba90545e4b 0.0s done
#10 exporting manifest list sha256:47b2944ab3e79337b3c3f20eb0011ae5467a7fca7c5597736079d4a81194aea2 done
#10 naming to docker.io/library/adv-s2-f1f0847d23be-642018:latest done
#10 unpacking to docker.io/library/adv-s2-f1f0847d23be-642018:latest 0.1s done
#10 DONE 0.3s
