#0 building with "default" instance using docker driver

#1 [internal] load build definition from Dockerfile
#1 transferring dockerfile:
#1 transferring dockerfile: 506B 0.3s done
#1 DONE 0.3s

#2 [internal] load metadata for docker.io/library/node:22-alpine@sha256:0a7108bf6c7bf5de370ffb1a3ed6be93d405b43ff159f681a8d18c0e2bc2e402
#2 DONE 0.0s

#3 [internal] load .dockerignore
#3 transferring context: 68B 0.1s done
#3 DONE 0.1s

#4 [1/5] FROM docker.io/library/node:22-alpine@sha256:0a7108bf6c7bf5de370ffb1a3ed6be93d405b43ff159f681a8d18c0e2bc2e402
#4 resolve docker.io/library/node:22-alpine@sha256:0a7108bf6c7bf5de370ffb1a3ed6be93d405b43ff159f681a8d18c0e2bc2e402 0.0s done
#4 DONE 0.0s

#5 [2/5] WORKDIR /app
#5 CACHED

#6 [internal] load build context
#6 transferring context: 46.37kB 0.2s done
#6 DONE 0.2s

#7 [3/5] COPY package.json package-lock.json ./
#7 DONE 0.0s

#8 [4/5] RUN npm ci --omit=dev --ignore-scripts && npm cache clean --force
#8 0.830 
#8 0.830 up to date, audited 1 package in 577ms
#8 0.833 
#8 0.833 found 0 vulnerabilities
#8 1.053 npm warn using --force Recommended protections disabled.
#8 DONE 1.4s

#9 [5/5] COPY src ./src
#9 DONE 0.1s

#10 exporting to image
#10 exporting layers
#10 exporting layers 0.5s done
#10 exporting manifest sha256:c0437cbc97372df0138d207bb39585c681bf701592928a3932d45c1d6e8fb705
#10 exporting manifest sha256:c0437cbc97372df0138d207bb39585c681bf701592928a3932d45c1d6e8fb705 0.0s done
#10 exporting config sha256:48ed289babdcaf99f6bc567f574dfb92f5b767951efe77fa57bb8db23701df4e 0.0s done
#10 exporting attestation manifest sha256:931edf6137a3ac1f9ab1fbf58fe52446771f7003a4f2a9c1e2c9872065845457 0.1s done
#10 exporting manifest list sha256:0866171da6e2c41eb1b26eb953fc61c1be26327cdebe0c3d1cd80f6242c1eeb4 0.0s done
#10 naming to docker.io/library/adv-s2base-s1-638895:latest 0.0s done
#10 unpacking to docker.io/library/adv-s2base-s1-638895:latest 0.2s done
#10 DONE 0.9s
