#0 building with "default" instance using docker driver

#1 [internal] load build definition from Dockerfile
#1 transferring dockerfile: 506B 0.0s done
#1 DONE 0.0s

#2 [internal] load metadata for docker.io/library/node:22-alpine@sha256:0a7108bf6c7bf5de370ffb1a3ed6be93d405b43ff159f681a8d18c0e2bc2e402
#2 DONE 0.2s

#3 [internal] load .dockerignore
#3 transferring context: 68B 0.0s done
#3 DONE 0.0s

#4 [1/5] FROM docker.io/library/node:22-alpine@sha256:0a7108bf6c7bf5de370ffb1a3ed6be93d405b43ff159f681a8d18c0e2bc2e402
#4 resolve docker.io/library/node:22-alpine@sha256:0a7108bf6c7bf5de370ffb1a3ed6be93d405b43ff159f681a8d18c0e2bc2e402 0.0s done
#4 DONE 0.0s

#5 [2/5] WORKDIR /app
#5 CACHED

#6 [internal] load build context
#6 transferring context: 46.37kB 0.1s done
#6 DONE 0.1s

#7 [3/5] COPY package.json package-lock.json ./
#7 DONE 0.0s

#8 [4/5] RUN npm ci --omit=dev --ignore-scripts && npm cache clean --force
#8 0.801 
#8 0.801 up to date, audited 1 package in 544ms
#8 0.801 
#8 0.801 found 0 vulnerabilities
#8 1.004 npm warn using --force Recommended protections disabled.
#8 DONE 1.3s

#9 [5/5] COPY src ./src
#9 DONE 0.0s

#10 exporting to image
#10 exporting layers
#10 exporting layers 0.2s done
#10 exporting manifest sha256:1210c35856f64e23cf88590958441a85de20d6f0a9d72ff245ce559b3838a2ea 0.0s done
#10 exporting config sha256:ad70292266b8388be895c7d5bf40a741a01008012130404a756061c78f368e6f 0.0s done
#10 exporting attestation manifest sha256:24e800111dbe1329f2bd750b2514c2c7e7e08f64031cd85c87b4ed32c254b512 0.0s done
#10 exporting manifest list sha256:532ac79f680a0962018c751b9c9f91507235f33317e1393a779ebaabe6d4ca81 0.0s done
#10 naming to docker.io/library/adv-s2base-s1-658946:latest done
#10 unpacking to docker.io/library/adv-s2base-s1-658946:latest 0.1s done
#10 DONE 0.5s
