#0 building with "default" instance using docker driver

#1 [internal] load build definition from Dockerfile
#1 transferring dockerfile: 506B 0.0s done
#1 DONE 0.0s

#2 [internal] load metadata for docker.io/library/node:22-alpine@sha256:0a7108bf6c7bf5de370ffb1a3ed6be93d405b43ff159f681a8d18c0e2bc2e402
#2 DONE 0.0s

#3 [internal] load .dockerignore
#3 transferring context: 68B 0.0s done
#3 DONE 0.0s

#4 [1/5] FROM docker.io/library/node:22-alpine@sha256:0a7108bf6c7bf5de370ffb1a3ed6be93d405b43ff159f681a8d18c0e2bc2e402
#4 resolve docker.io/library/node:22-alpine@sha256:0a7108bf6c7bf5de370ffb1a3ed6be93d405b43ff159f681a8d18c0e2bc2e402 0.0s done
#4 DONE 0.0s

#5 [2/5] WORKDIR /app
#5 CACHED

#6 [internal] load build context
#6 transferring context: 110.98kB 0.1s done
#6 DONE 0.1s

#7 [3/5] COPY package.json package-lock.json ./
#7 DONE 0.0s

#8 [4/5] RUN npm ci --omit=dev --ignore-scripts && npm cache clean --force
#8 0.667 
#8 0.667 up to date, audited 1 package in 423ms
#8 0.669 
#8 0.669 found 0 vulnerabilities
#8 0.811 npm warn using --force Recommended protections disabled.
#8 DONE 1.0s

#9 [5/5] COPY src ./src
#9 DONE 0.0s

#10 exporting to image
#10 exporting layers 0.1s done
#10 exporting manifest sha256:c3924b6206e2fe8e3f4263dd52f2dc65eaf23d879bbb172e03cbfdb8db19435f 0.0s done
#10 exporting config sha256:0953a0877943868df1032163236624a1b3f163108d7756bffc89becb419ea12b done
#10 exporting attestation manifest sha256:1fa78e481fa6147f95e3e1de330482d7c3d1f498d84d4ef0485e8844250cf866 0.0s done
#10 exporting manifest list sha256:903539de1cd51d27f1e8b3d7a9e3ab23b0c09486cee42831b879275d736fe383 0.0s done
#10 naming to docker.io/library/adv-s2-68583038e7ea-658946:latest done
#10 unpacking to docker.io/library/adv-s2-68583038e7ea-658946:latest 0.1s done
#10 DONE 0.3s
