== adversary stage-2 run 2026-09-28T22:28:04Z
candidate_sha=68583038e7ea52429b062af0f775d3cbfd96b7c3 clone_head=68583038e7ea52429b062af0f775d3cbfd96b7c3
stage2_tree=a8e6178d7b9d5ba4dde4999e78730fa99ff80fe2 stage1_tree_in_candidate=347efba502629e5b5bbd730f35c34bdfe208c478
clone_status_begin
clone_status_end
s1_clone_head=beeaec72ff53fa75469c5f09236a786632f21fd8 s1_tree=347efba502629e5b5bbd730f35c34bdfe208c478
test_rev=bdb21efc6e3ccdbc952f3f6bc24b56313e7a1266 test_dirty=clean
docker client=29.8.0 server=29.8.0
Python 3.12.3
anyio==4.15.1 certifi==2026.7.22 greenlet==3.5.6 h11==0.16.0 httpcore==1.0.9 httpx==0.28.1 idna==3.20 iniconfig==2.3.0 packaging==26.3 playwright==1.63.0 pluggy==1.6.0 pyee==13.0.1 Pygments==2.21.0 pytest==9.1.1 typing_extensions==4.16.0 
chromium 153.0.8010.12
build_stage2_exit=0 seconds=2
build_stage1_exit=0 seconds=4
image2_id=sha256:903539de1cd51d27f1e8b3d7a9e3ab23b0c09486cee42831b879275d736fe383 size=240959159
stage2_a port=53509 health_s=1
stage2_b port=53512 health_s=0
stage1_accepted port=53514 health_s=1
stage2_c(PORT unset) port=53515 health_s=1 body={"status":"ok"}
clock host=1790634495.815373485 container=1790634495
stage2suite_exit=0 seconds=13 9 passed, 139 deselected in 11.27s
stats adv2-a-658946 cpu=0.01% mem=15.76MiB / 2GiB
stats adv2-b-658946 cpu=0.00% mem=10.32MiB / 2GiB
stats adv2-s1-658946 cpu=0.00% mem=10.21MiB / 2GiB
stage2_a restarts=0 oom=false running=true
== done 2026-09-28T22:28:30Z
