#0 building with "default" instance using docker driver

#1 [internal] load build definition from Dockerfile
#1 transferring dockerfile: 506B 0.0s done
#1 DONE 0.0s

#2 [internal] load metadata for docker.io/library/node:22-alpine@sha256:0a7108bf6c7bf5de370ffb1a3ed6be93d405b43ff159f681a8d18c0e2bc2e402
#2 DONE 0.0s

#3 [internal] load .dockerignore
#3 transferring context: 68B 0.0s done
#3 DONE 0.0s

#4 [internal] load build context
#4 transferring context: 485B 0.1s done
#4 DONE 0.1s

#5 [1/5] FROM docker.io/library/node:22-alpine@sha256:0a7108bf6c7bf5de370ffb1a3ed6be93d405b43ff159f681a8d18c0e2bc2e402
#5 resolve docker.io/library/node:22-alpine@sha256:0a7108bf6c7bf5de370ffb1a3ed6be93d405b43ff159f681a8d18c0e2bc2e402 0.0s done
#5 DONE 0.0s

#6 [2/5] WORKDIR /app
#6 CACHED

#7 [3/5] COPY package.json package-lock.json ./
#7 DONE 0.0s

#8 [4/5] RUN npm ci --omit=dev --ignore-scripts && npm cache clean --force
#8 0.552 
#8 0.552 up to date, audited 1 package in 346ms
#8 0.553 
#8 0.553 found 0 vulnerabilities
#8 0.664 npm warn using --force Recommended protections disabled.
#8 DONE 0.8s

#9 [5/5] COPY src ./src
#9 DONE 0.0s

#10 exporting to image
#10 exporting layers 0.1s done
#10 exporting manifest sha256:c705a04513b4af7d68829fae3b3b8c90df6a0a3f5619066521e94e8d47ecc749 done
#10 exporting config sha256:00c9f69750d7056530097536d2f6afd8e4af496f9914e0550bd77197463ab03b done
#10 exporting attestation manifest sha256:df7263438a96b13cf5aad827500532c51cca3f3838591bb5fbd42e30048eed23 done
#10 exporting manifest list sha256:5d72b20faa7a70263281e35579e47cc38f4513718875101cbefff82e8ef52f5e done
#10 naming to docker.io/library/adv-s2-68583038e7ea-659799:latest done
#10 unpacking to docker.io/library/adv-s2-68583038e7ea-659799:latest 0.1s done
#10 DONE 0.2s
