#0 building with "default" instance using docker driver

#1 [internal] load build definition from Dockerfile
#1 transferring dockerfile: 506B 0.0s done
#1 DONE 0.0s

#2 [internal] load metadata for docker.io/library/node:22-alpine@sha256:0a7108bf6c7bf5de370ffb1a3ed6be93d405b43ff159f681a8d18c0e2bc2e402
#2 DONE 0.0s

#3 [internal] load .dockerignore
#3 transferring context: 68B 0.0s done
#3 DONE 0.0s

#4 [1/5] FROM docker.io/library/node:22-alpine@sha256:0a7108bf6c7bf5de370ffb1a3ed6be93d405b43ff159f681a8d18c0e2bc2e402
#4 resolve docker.io/library/node:22-alpine@sha256:0a7108bf6c7bf5de370ffb1a3ed6be93d405b43ff159f681a8d18c0e2bc2e402 0.0s done
#4 DONE 0.0s

#5 [2/5] WORKDIR /app
#5 CACHED

#6 [internal] load build context
#6 transferring context: 485B 0.1s done
#6 DONE 0.1s

#7 [3/5] COPY package.json package-lock.json ./
#7 DONE 0.0s

#8 [4/5] RUN npm ci --omit=dev --ignore-scripts && npm cache clean --force
#8 0.498 
#8 0.498 up to date, audited 1 package in 313ms
#8 0.500 
#8 0.500 found 0 vulnerabilities
#8 0.609 npm warn using --force Recommended protections disabled.
#8 DONE 0.8s

#9 [5/5] COPY src ./src
#9 DONE 0.0s

#10 exporting to image
#10 exporting layers 0.1s done
#10 exporting manifest sha256:31f740955cafeb94bc93658dca43506e5b6dc53dbfb02143fdb18d8250c6cf9e 0.0s done
#10 exporting config sha256:bd6c68f6705c4682d03f3726d88c970a329f6de0c8a668689b7cac375235b324 0.0s done
#10 exporting attestation manifest sha256:3c2877a4c03b95d30632cb425d4555a7b5b97eeb9e707bc401be71c518d76912 0.0s done
#10 exporting manifest list sha256:4fe10a5faeb0e91181059d4a73f1bc958b76ca8739212e04d67c6dff0ef23230 done
#10 naming to docker.io/library/adv-s2-f1f0847d23be-642773:latest done
#10 unpacking to docker.io/library/adv-s2-f1f0847d23be-642773:latest 0.1s done
#10 DONE 0.3s
