#0 building with "default" instance using docker driver

#1 [internal] load build definition from Dockerfile
#1 transferring dockerfile:
#1 transferring dockerfile: 506B 0.3s done
#1 DONE 0.3s

#2 [internal] load metadata for docker.io/library/node:22-alpine@sha256:0a7108bf6c7bf5de370ffb1a3ed6be93d405b43ff159f681a8d18c0e2bc2e402
#2 DONE 0.0s

#3 [internal] load .dockerignore
#3 transferring context: 68B 0.0s done
#3 DONE 0.1s

#4 [1/5] FROM docker.io/library/node:22-alpine@sha256:0a7108bf6c7bf5de370ffb1a3ed6be93d405b43ff159f681a8d18c0e2bc2e402
#4 resolve docker.io/library/node:22-alpine@sha256:0a7108bf6c7bf5de370ffb1a3ed6be93d405b43ff159f681a8d18c0e2bc2e402 0.0s done
#4 DONE 0.0s

#5 [2/5] WORKDIR /app
#5 CACHED

#6 [internal] load build context
#6 transferring context: 319B 0.2s done
#6 DONE 0.2s

#7 [3/5] COPY package.json package-lock.json ./
#7 DONE 0.0s

#8 [4/5] RUN npm ci --omit=dev --ignore-scripts && npm cache clean --force
#8 0.798 
#8 0.798 up to date, audited 1 package in 470ms
#8 0.798 
#8 0.798 found 0 vulnerabilities
#8 0.946 npm warn using --force Recommended protections disabled.
#8 DONE 1.1s

#9 [5/5] COPY src ./src
#9 DONE 0.0s

#10 exporting to image
#10 exporting layers 0.1s done
#10 exporting manifest sha256:f1f1139808b1b62f6142f132462708dff650978833431283ea818445f74d6798 done
#10 exporting config sha256:0be57e03dd48622c0c6ead694ba8b9f6de1bb34b51dd6e8a12319e2445818232 done
#10 exporting attestation manifest sha256:4bc38571f33f090f374e3844dba38ae5e8a39c0d1d1d050cd726a7394fad0065 done
#10 exporting manifest list sha256:836c30c06a9ff6d170d78bba601918b1dea112f9b6fd624900fff519cd85c55e done
#10 naming to docker.io/library/adv-s2base-s1-642773:latest done
#10 unpacking to docker.io/library/adv-s2base-s1-642773:latest 0.1s done
#10 DONE 0.2s
