#0 building with "default" instance using docker driver

#1 [internal] load build definition from Dockerfile
#1 transferring dockerfile: 506B 0.0s done
#1 DONE 0.1s

#2 [internal] load metadata for docker.io/library/node:22-alpine@sha256:0a7108bf6c7bf5de370ffb1a3ed6be93d405b43ff159f681a8d18c0e2bc2e402
#2 DONE 0.0s

#3 [internal] load .dockerignore
#3 transferring context: 68B 0.0s done
#3 DONE 0.0s

#4 [1/5] FROM docker.io/library/node:22-alpine@sha256:0a7108bf6c7bf5de370ffb1a3ed6be93d405b43ff159f681a8d18c0e2bc2e402
#4 resolve docker.io/library/node:22-alpine@sha256:0a7108bf6c7bf5de370ffb1a3ed6be93d405b43ff159f681a8d18c0e2bc2e402 0.0s done
#4 DONE 0.0s

#5 [2/5] WORKDIR /app
#5 CACHED

#6 [internal] load build context
#6 transferring context: 110.27kB 0.1s done
#6 DONE 0.1s

#7 [3/5] COPY package.json package-lock.json ./
#7 DONE 0.0s

#8 [4/5] RUN npm ci --omit=dev --ignore-scripts && npm cache clean --force
#8 0.761 
#8 0.761 up to date, audited 1 package in 437ms
#8 0.761 
#8 0.761 found 0 vulnerabilities
#8 0.892 npm warn using --force Recommended protections disabled.
#8 DONE 1.1s

#9 [5/5] COPY src ./src
#9 DONE 0.0s

#10 exporting to image
#10 exporting layers 0.1s done
#10 exporting manifest sha256:3bcd056bc2709b4b2d8fe195d8241839d4927a2b0a64128bdccdbf68e6505680 0.0s done
#10 exporting config sha256:9c8675d15524d099245fae8ad5de1ece8c0aadf7f35e509c1beacbc70e9e5ef2 done
#10 exporting attestation manifest sha256:47f2764f2dcff976902219bf544055009850aaa28947f04979c5f954c277adff 0.0s done
#10 exporting manifest list sha256:907defc8f4651c90e891e8f1760fb6e94cfbe80e56c0af18d9bb362b113ffd93 done
#10 naming to docker.io/library/adv-s2-f1f0847d23be-644628:latest done
#10 unpacking to docker.io/library/adv-s2-f1f0847d23be-644628:latest 0.1s done
#10 DONE 0.3s
