#0 building with "default" instance using docker driver

#1 [internal] load build definition from Dockerfile
#1 transferring dockerfile: 506B 0.1s done
#1 DONE 0.1s

#2 [internal] load metadata for docker.io/library/node:22-alpine@sha256:0a7108bf6c7bf5de370ffb1a3ed6be93d405b43ff159f681a8d18c0e2bc2e402
#2 DONE 0.1s

#3 [internal] load .dockerignore
#3 transferring context: 68B 0.1s done
#3 DONE 0.1s

#4 [1/5] FROM docker.io/library/node:22-alpine@sha256:0a7108bf6c7bf5de370ffb1a3ed6be93d405b43ff159f681a8d18c0e2bc2e402
#4 resolve docker.io/library/node:22-alpine@sha256:0a7108bf6c7bf5de370ffb1a3ed6be93d405b43ff159f681a8d18c0e2bc2e402 0.1s done
#4 DONE 0.1s

#5 [2/5] WORKDIR /app
#5 CACHED

#6 [internal] load build context
#6 transferring context: 46.37kB 0.5s done
#6 DONE 0.5s

#7 [3/5] COPY package.json package-lock.json ./
#7 DONE 0.1s

#8 [4/5] RUN npm ci --omit=dev --ignore-scripts && npm cache clean --force
#8 2.124 
#8 2.124 up to date, audited 1 package in 2s
#8 2.124 
#8 2.124 found 0 vulnerabilities
#8 2.601 npm warn using --force Recommended protections disabled.
#8 DONE 3.1s

#9 [5/5] COPY src ./src
#9 DONE 0.1s

#10 exporting to image
#10 exporting layers
#10 exporting layers 0.4s done
#10 exporting manifest sha256:619b704abdd6d32d4743937f182f54738f2162e076c19cf9e37e951dd3943a10
#10 exporting manifest sha256:619b704abdd6d32d4743937f182f54738f2162e076c19cf9e37e951dd3943a10 0.1s done
#10 exporting config sha256:939ff920061a26227cf602f6a0981946b484c65c87da83eea123cdbabd8cc845 0.1s done
#10 exporting attestation manifest sha256:37ad2fa1d670c79de0e4cb36ebbc1bd723163f2920aed6e9c9e8fe1885d7551c 0.1s done
#10 exporting manifest list sha256:ffe0618951f0da71a6ea113585251760c87d37d67e256bd17ecea252b2b54abc 0.1s done
#10 naming to docker.io/library/adv-s2base-s1-644628:latest done
#10 unpacking to docker.io/library/adv-s2base-s1-644628:latest 0.4s done
#10 DONE 1.4s
