#0 building with "default" instance using docker driver

#1 [internal] load build definition from Dockerfile
#1 transferring dockerfile: 506B 0.0s done
#1 DONE 0.1s

#2 [internal] load metadata for docker.io/library/node:22-alpine@sha256:0a7108bf6c7bf5de370ffb1a3ed6be93d405b43ff159f681a8d18c0e2bc2e402
#2 DONE 0.0s

#3 [internal] load .dockerignore
#3 transferring context: 68B 0.0s done
#3 DONE 0.0s

#4 [1/5] FROM docker.io/library/node:22-alpine@sha256:0a7108bf6c7bf5de370ffb1a3ed6be93d405b43ff159f681a8d18c0e2bc2e402
#4 resolve docker.io/library/node:22-alpine@sha256:0a7108bf6c7bf5de370ffb1a3ed6be93d405b43ff159f681a8d18c0e2bc2e402 0.0s done
#4 DONE 0.1s

#5 [2/5] WORKDIR /app
#5 CACHED

#6 [internal] load build context
#6 transferring context: 518B 0.4s done
#6 DONE 0.4s

#7 [3/5] COPY package.json package-lock.json ./
#7 DONE 0.2s

#8 [4/5] RUN npm ci --omit=dev --ignore-scripts && npm cache clean --force
#8 1.244 
#8 1.244 up to date, audited 1 package in 791ms
#8 1.245 
#8 1.245 found 0 vulnerabilities
#8 1.578 npm warn using --force Recommended protections disabled.
#8 DONE 1.9s

#9 [5/5] COPY src ./src
#9 DONE 0.0s

#10 exporting to image
#10 exporting layers
#10 exporting layers 0.2s done
#10 exporting manifest sha256:c15480c5724e3eb6b71eabb32796ac07311d2ad3d68277b414f60dc788339726
#10 exporting manifest sha256:c15480c5724e3eb6b71eabb32796ac07311d2ad3d68277b414f60dc788339726 0.0s done
#10 exporting config sha256:e1e7a01b47bec110a48f1dfdc4710525c8c02f13afd943b6e6936432f5d437e4 0.0s done
#10 exporting attestation manifest sha256:55b99825c95f70b15d71cd4421925ae3ad703c82bc099de8ad01049df4243e13 0.0s done
#10 exporting manifest list sha256:d45d5409394f018bf37c7d873569f9d2ae581be1e8305ecc655ccb041279de1a 0.0s done
#10 naming to docker.io/library/adv-s4-181947069ba9-728675:latest done
#10 unpacking to docker.io/library/adv-s4-181947069ba9-728675:latest 0.1s done
#10 DONE 0.5s
