#0 building with "default" instance using docker driver

#1 [internal] load build definition from Dockerfile
#1 transferring dockerfile: 506B 0.0s done
#1 DONE 0.1s

#2 [internal] load metadata for docker.io/library/node:22-alpine@sha256:0a7108bf6c7bf5de370ffb1a3ed6be93d405b43ff159f681a8d18c0e2bc2e402
#2 DONE 0.0s

#3 [internal] load .dockerignore
#3 transferring context: 68B 0.0s done
#3 DONE 0.0s

#4 [1/5] FROM docker.io/library/node:22-alpine@sha256:0a7108bf6c7bf5de370ffb1a3ed6be93d405b43ff159f681a8d18c0e2bc2e402
#4 resolve docker.io/library/node:22-alpine@sha256:0a7108bf6c7bf5de370ffb1a3ed6be93d405b43ff159f681a8d18c0e2bc2e402 0.0s done
#4 DONE 0.0s

#5 [2/5] WORKDIR /app
#5 CACHED

#6 [internal] load build context
#6 transferring context: 319B 0.1s done
#6 DONE 0.1s

#7 [3/5] COPY package.json package-lock.json ./
#7 DONE 0.0s

#8 [4/5] RUN npm ci --omit=dev --ignore-scripts && npm cache clean --force
#8 1.201 
#8 1.201 up to date, audited 1 package in 893ms
#8 1.201 
#8 1.201 found 0 vulnerabilities
#8 1.528 npm warn using --force Recommended protections disabled.
#8 DONE 2.0s

#9 [5/5] COPY src ./src
#9 DONE 0.1s

#10 exporting to image
#10 exporting layers
#10 exporting layers 0.3s done
#10 exporting manifest sha256:352bccc25417646297bf8b33484339fc58a09724cc2f3123514fe62d495c23d2 0.0s done
#10 exporting config sha256:d2bc5a77f044d22a83a54d2211294600967b8cec789741dc7211644d24b7f204 0.0s done
#10 exporting attestation manifest sha256:1c241992d8d950fb278dbd0c1866070e023b71dc982c2dde650237b7d2b5551b 0.0s done
#10 exporting manifest list sha256:1aec772e94b046da5bb81d78fadb0634ca0b0b3ae7fe5f4e2ebc7c751a218fb5
#10 exporting manifest list sha256:1aec772e94b046da5bb81d78fadb0634ca0b0b3ae7fe5f4e2ebc7c751a218fb5 0.0s done
#10 naming to docker.io/library/adv-s4base1-728675:latest done
#10 unpacking to docker.io/library/adv-s4base1-728675:latest
#10 unpacking to docker.io/library/adv-s4base1-728675:latest 0.3s done
#10 DONE 0.9s
