#0 building with "default" instance using docker driver

#1 [internal] load build definition from Dockerfile
#1 transferring dockerfile: 506B 0.1s done
#1 DONE 0.1s

#2 [internal] load metadata for docker.io/library/node:22-alpine@sha256:0a7108bf6c7bf5de370ffb1a3ed6be93d405b43ff159f681a8d18c0e2bc2e402
#2 DONE 0.0s

#3 [internal] load .dockerignore
#3 transferring context: 32B 0.1s
#3 transferring context: 68B 0.2s done
#3 DONE 0.3s

#4 [1/5] FROM docker.io/library/node:22-alpine@sha256:0a7108bf6c7bf5de370ffb1a3ed6be93d405b43ff159f681a8d18c0e2bc2e402
#4 resolve docker.io/library/node:22-alpine@sha256:0a7108bf6c7bf5de370ffb1a3ed6be93d405b43ff159f681a8d18c0e2bc2e402 0.1s done
#4 DONE 0.1s

#5 [2/5] WORKDIR /app
#5 CACHED

#6 [internal] load build context
#6 transferring context: 485B 0.4s done
#6 DONE 0.4s

#7 [3/5] COPY package.json package-lock.json ./
#7 DONE 0.0s

#8 [4/5] RUN npm ci --omit=dev --ignore-scripts && npm cache clean --force
#8 0.810 
#8 0.810 up to date, audited 1 package in 536ms
#8 0.813 
#8 0.813 found 0 vulnerabilities
#8 0.954 npm warn using --force Recommended protections disabled.
#8 DONE 1.1s

#9 [5/5] COPY src ./src
#9 DONE 0.0s

#10 exporting to image
#10 exporting layers 0.1s done
#10 exporting manifest sha256:0dd5a5131973e72fe90e5142b2cc9ec28fd4b914bd3cf2ab02db5ffc90628360 0.0s done
#10 exporting config sha256:b442407aef8c7cd7560e70cd94233166078b38e647fc46e9de9001ab20a13597 0.0s done
#10 exporting attestation manifest sha256:75b6731d12988d3e8e9b6e05fad3e8e842e250f6078a59d4137b4e89d396f1d2 0.0s done
#10 exporting manifest list sha256:8b6412c81d3b5811dfbd19cddd0a62b957db713697a83afae1b77856538bead1 0.0s done
#10 naming to docker.io/library/adv-s4base2-728675:latest done
#10 unpacking to docker.io/library/adv-s4base2-728675:latest 0.1s done
#10 DONE 0.4s
