#0 building with "default" instance using docker driver

#1 [internal] load build definition from Dockerfile
#1 transferring dockerfile: 506B 0.0s done
#1 DONE 0.0s

#2 [internal] load metadata for docker.io/library/node:22-alpine@sha256:0a7108bf6c7bf5de370ffb1a3ed6be93d405b43ff159f681a8d18c0e2bc2e402
#2 DONE 0.0s

#3 [internal] load .dockerignore
#3 transferring context: 68B 0.0s done
#3 DONE 0.0s

#4 [1/5] FROM docker.io/library/node:22-alpine@sha256:0a7108bf6c7bf5de370ffb1a3ed6be93d405b43ff159f681a8d18c0e2bc2e402
#4 resolve docker.io/library/node:22-alpine@sha256:0a7108bf6c7bf5de370ffb1a3ed6be93d405b43ff159f681a8d18c0e2bc2e402 0.0s done
#4 DONE 0.0s

#5 [internal] load build context
#5 transferring context: 319B 0.1s done
#5 DONE 0.1s

#6 [2/5] WORKDIR /app
#6 CACHED

#7 [3/5] COPY package.json package-lock.json ./
#7 DONE 0.0s

#8 [4/5] RUN npm ci --omit=dev --ignore-scripts && npm cache clean --force
#8 0.638 
#8 0.638 up to date, audited 1 package in 418ms
#8 0.639 
#8 0.639 found 0 vulnerabilities
#8 0.871 npm warn using --force Recommended protections disabled.
#8 DONE 1.1s

#9 [5/5] COPY src ./src
#9 DONE 0.1s

#10 exporting to image
#10 exporting layers
#10 exporting layers 0.2s done
#10 exporting manifest sha256:3088a0c5256f6367e4f72bda830761578fdbce11078f4383ad2d13c339b91c5d 0.0s done
#10 exporting config sha256:fa7e7fa967e139364d197a69498d0d54f216a05f0b9e4d028cc432612ec5cf29 0.0s done
#10 exporting attestation manifest sha256:7c790582f57e8d9efc5e3a3eee0a3bd8ae3e245ebeefe59efd111eb573f3f976 0.0s done
#10 exporting manifest list sha256:b4719dbf2d81875b701f32feb1ddbeff3d0d10ab4b22669872a69f983c965beb done
#10 naming to docker.io/library/adv-s1-beeaec72ff53-609601:latest done
#10 unpacking to docker.io/library/adv-s1-beeaec72ff53-609601:latest 0.1s done
#10 DONE 0.4s
