#0 building with "default" instance using docker driver

#1 [internal] load build definition from Dockerfile
#1 transferring dockerfile: 506B 0.0s done
#1 DONE 0.1s

#2 [internal] load metadata for docker.io/library/node:22-alpine@sha256:0a7108bf6c7bf5de370ffb1a3ed6be93d405b43ff159f681a8d18c0e2bc2e402
#2 DONE 0.0s

#3 [internal] load .dockerignore
#3 transferring context: 68B 0.1s done
#3 DONE 0.1s

#4 [1/5] FROM docker.io/library/node:22-alpine@sha256:0a7108bf6c7bf5de370ffb1a3ed6be93d405b43ff159f681a8d18c0e2bc2e402
#4 resolve docker.io/library/node:22-alpine@sha256:0a7108bf6c7bf5de370ffb1a3ed6be93d405b43ff159f681a8d18c0e2bc2e402 0.0s done
#4 DONE 0.0s

#5 [internal] load build context
#5 ...

#6 [2/5] WORKDIR /app
#6 CACHED

#5 [internal] load build context
#5 transferring context: 485B 0.3s done
#5 DONE 0.3s

#7 [3/5] COPY package.json package-lock.json ./
#7 DONE 0.3s

#8 [4/5] RUN npm ci --omit=dev --ignore-scripts && npm cache clean --force
#8 1.180 
#8 1.180 up to date, audited 1 package in 821ms
#8 1.180 
#8 1.180 found 0 vulnerabilities
#8 1.386 npm warn using --force Recommended protections disabled.
#8 DONE 1.7s

#9 [5/5] COPY src ./src
#9 DONE 0.0s

#10 exporting to image
#10 exporting layers
#10 exporting layers 0.2s done
#10 exporting manifest sha256:556de033feb81bf6e7cb73bc7559d0fd05271e8ba3b35cb088f8a91830b151b2 0.0s done
#10 exporting config sha256:e5d609f872736c4dac13f590949f0e1f97d106f5e7d8347386ccafdfeea81d53 0.0s done
#10 exporting attestation manifest sha256:d7b31683d5762b8a13e1997bd7174810609f7c4fb036e61421791f5030f4d652 0.0s done
#10 exporting manifest list sha256:2ee67454af306eb4a1d1a5df529f8b2a9b4108f768ef03e69b21678c093b02b4 done
#10 naming to docker.io/library/adv-s4base2-729553:latest done
#10 unpacking to docker.io/library/adv-s4base2-729553:latest 0.1s done
#10 DONE 0.4s
