#0 building with "default" instance using docker driver

#1 [internal] load build definition from Dockerfile
#1 transferring dockerfile: 506B 0.0s done
#1 DONE 0.1s

#2 [internal] load metadata for docker.io/library/node:22-alpine@sha256:0a7108bf6c7bf5de370ffb1a3ed6be93d405b43ff159f681a8d18c0e2bc2e402
#2 DONE 0.0s

#3 [internal] load .dockerignore
#3 transferring context: 68B 0.0s done
#3 DONE 0.0s

#4 [1/5] FROM docker.io/library/node:22-alpine@sha256:0a7108bf6c7bf5de370ffb1a3ed6be93d405b43ff159f681a8d18c0e2bc2e402
#4 resolve docker.io/library/node:22-alpine@sha256:0a7108bf6c7bf5de370ffb1a3ed6be93d405b43ff159f681a8d18c0e2bc2e402 0.0s done
#4 DONE 0.0s

#5 [2/5] WORKDIR /app
#5 CACHED

#6 [internal] load build context
#6 transferring context: 319B 0.1s done
#6 DONE 0.1s

#7 [3/5] COPY package.json package-lock.json ./
#7 DONE 0.0s

#8 [4/5] RUN npm ci --omit=dev --ignore-scripts && npm cache clean --force
#8 0.938 
#8 0.938 up to date, audited 1 package in 612ms
#8 0.938 
#8 0.938 found 0 vulnerabilities
#8 1.158 npm warn using --force Recommended protections disabled.
#8 DONE 1.5s

#9 [5/5] COPY src ./src
#9 DONE 0.0s

#10 exporting to image
#10 exporting layers 0.1s done
#10 exporting manifest sha256:5ce78cb5e0d358da86bb84c0440c5198748813138e9e0b9875dd26741d2e7e2d done
#10 exporting config sha256:375819e03459393c0cd7eb3fe13387b7dd114efa7bf90273c43821d2c7876ee3 done
#10 exporting attestation manifest sha256:8dc87791b3ccdaa40c643fc02d177992f953863d2a2289532ea7bfe10806ccd2 0.0s done
#10 exporting manifest list sha256:b8b021eb870355d94ea52d16e6257b54c56a53c1539bc948c40648f4677dde3c done
#10 naming to docker.io/library/adv-s4base1-729553:latest done
#10 unpacking to docker.io/library/adv-s4base1-729553:latest 0.1s done
#10 DONE 0.3s
