#0 building with "default" instance using docker driver

#1 [internal] load build definition from Dockerfile
#1 transferring dockerfile: 506B 0.1s done
#1 DONE 0.1s

#2 [internal] load metadata for docker.io/library/node:22-alpine@sha256:0a7108bf6c7bf5de370ffb1a3ed6be93d405b43ff159f681a8d18c0e2bc2e402
#2 DONE 0.0s

#3 [internal] load .dockerignore
#3 transferring context: 68B 0.1s done
#3 DONE 0.1s

#4 [1/5] FROM docker.io/library/node:22-alpine@sha256:0a7108bf6c7bf5de370ffb1a3ed6be93d405b43ff159f681a8d18c0e2bc2e402
#4 resolve docker.io/library/node:22-alpine@sha256:0a7108bf6c7bf5de370ffb1a3ed6be93d405b43ff159f681a8d18c0e2bc2e402 0.0s done
#4 DONE 0.0s

#5 [2/5] WORKDIR /app
#5 CACHED

#6 [internal] load build context
#6 transferring context: 518B 1.1s done
#6 DONE 1.1s

#7 [3/5] COPY package.json package-lock.json ./
#7 DONE 0.0s

#8 [4/5] RUN npm ci --omit=dev --ignore-scripts && npm cache clean --force
#8 0.844 
#8 0.844 up to date, audited 1 package in 552ms
#8 0.845 
#8 0.845 found 0 vulnerabilities
#8 0.990 npm warn using --force Recommended protections disabled.
#8 DONE 1.2s

#9 [5/5] COPY src ./src
#9 DONE 0.0s

#10 exporting to image
#10 exporting layers 0.1s done
#10 exporting manifest sha256:657dedd55e924874408d6dd2e50a302d91bee719f9b91b4d76c77fcef3c96716 done
#10 exporting config sha256:5aa41eaf73356d00eeca432fdcac08691bb1c9aadc12d79b5437c3ca95ac71f6 done
#10 exporting attestation manifest sha256:f5d367521685d6da14706cf7a582920440952ca5223b69c6d24d93d9f072cecb done
#10 exporting manifest list sha256:3b61936825a7802f75a423a386f8104515748a2a7df31c28e07ffb1b3bfd6e9a done
#10 naming to docker.io/library/adv-s4base3-729553:latest done
#10 unpacking to docker.io/library/adv-s4base3-729553:latest 0.1s done
#10 DONE 0.2s
