#0 building with "default" instance using docker driver

#1 [internal] load build definition from Dockerfile
#1 transferring dockerfile: 506B 0.1s done
#1 DONE 0.1s

#2 [internal] load metadata for docker.io/library/node:22-alpine@sha256:0a7108bf6c7bf5de370ffb1a3ed6be93d405b43ff159f681a8d18c0e2bc2e402
#2 DONE 0.0s

#3 [internal] load .dockerignore
#3 transferring context: 32B 0.0s
#3 transferring context: 68B 0.2s done
#3 DONE 0.2s

#4 [1/5] FROM docker.io/library/node:22-alpine@sha256:0a7108bf6c7bf5de370ffb1a3ed6be93d405b43ff159f681a8d18c0e2bc2e402
#4 resolve docker.io/library/node:22-alpine@sha256:0a7108bf6c7bf5de370ffb1a3ed6be93d405b43ff159f681a8d18c0e2bc2e402 0.0s done
#4 DONE 0.0s

#5 [2/5] WORKDIR /app
#5 CACHED

#6 [internal] load build context
#6 transferring context: 518B 0.6s done
#6 DONE 0.6s

#7 [3/5] COPY package.json package-lock.json ./
#7 DONE 0.0s

#8 [4/5] RUN npm ci --omit=dev --ignore-scripts && npm cache clean --force
#8 0.757 
#8 0.757 up to date, audited 1 package in 487ms
#8 0.757 
#8 0.757 found 0 vulnerabilities
#8 0.900 npm warn using --force Recommended protections disabled.
#8 DONE 1.1s

#9 [5/5] COPY src ./src
#9 DONE 0.0s

#10 exporting to image
#10 exporting layers 0.1s done
#10 exporting manifest sha256:f7946ceadd2dd7ec471b424ae53c6c3ff6ab53a4ddfb77754023d102a4337743 done
#10 exporting config sha256:08e206fc2c826f68bd0567bf455723898583331ef9840b1a8f0afdcf7cd09aad done
#10 exporting attestation manifest sha256:5f27f2983e5c3fcf2155e4173cbd5222f87f5027461162f5254944c1c4571c35 done
#10 exporting manifest list sha256:e16b8bd9a24f355eddfd88765562e933acd293355af79e3cc9f9967596cf9093 done
#10 naming to docker.io/library/adv-s3-e4d35083b81b-689478:latest done
#10 unpacking to docker.io/library/adv-s3-e4d35083b81b-689478:latest 0.1s done
#10 DONE 0.3s
