#0 building with "default" instance using docker driver

#1 [internal] load build definition from Dockerfile
#1 transferring dockerfile: 506B 0.0s done
#1 DONE 0.1s

#2 [internal] load metadata for docker.io/library/node:22-alpine@sha256:0a7108bf6c7bf5de370ffb1a3ed6be93d405b43ff159f681a8d18c0e2bc2e402
#2 DONE 0.0s

#3 [internal] load .dockerignore
#3 transferring context: 68B 0.0s done
#3 DONE 0.0s

#4 [internal] load build context
#4 transferring context: 485B 0.1s done
#4 DONE 0.1s

#5 [1/5] FROM docker.io/library/node:22-alpine@sha256:0a7108bf6c7bf5de370ffb1a3ed6be93d405b43ff159f681a8d18c0e2bc2e402
#5 resolve docker.io/library/node:22-alpine@sha256:0a7108bf6c7bf5de370ffb1a3ed6be93d405b43ff159f681a8d18c0e2bc2e402 0.0s done
#5 DONE 0.0s

#6 [2/5] WORKDIR /app
#6 CACHED

#7 [3/5] COPY package.json package-lock.json ./
#7 DONE 0.0s

#8 [4/5] RUN npm ci --omit=dev --ignore-scripts && npm cache clean --force
#8 1.024 
#8 1.024 up to date, audited 1 package in 748ms
#8 1.024 
#8 1.024 found 0 vulnerabilities
#8 1.230 npm warn using --force Recommended protections disabled.
#8 DONE 1.5s

#9 [5/5] COPY src ./src
#9 DONE 0.0s

#10 exporting to image
#10 exporting layers 0.1s done
#10 exporting manifest sha256:1aca881ae3063ad5f9b0f6407bc8510fd0b7cc01283ee264a8a4f3fee2fea7b7 0.0s done
#10 exporting config sha256:e11bb5fd2b4798a33ccc2a79007924c44827a547b478e92fc1ebee195b016c59 done
#10 exporting attestation manifest sha256:1517ba702e109c98dd1a1aebac9942a53927cd1e5df60b23cc3002e648e9b44f 0.0s done
#10 exporting manifest list sha256:c9ce50523d78156babe5d55590352e963af0f3f3c821067105c30243adc481bb 0.0s done
#10 naming to docker.io/library/adv-s3base2-689478:latest done
#10 unpacking to docker.io/library/adv-s3base2-689478:latest 0.1s done
#10 DONE 0.3s
