#0 building with "default" instance using docker driver

#1 [internal] load build definition from Dockerfile
#1 transferring dockerfile:
#1 transferring dockerfile: 506B 0.5s done
#1 DONE 0.5s

#2 [internal] load metadata for docker.io/library/node:22-alpine@sha256:0a7108bf6c7bf5de370ffb1a3ed6be93d405b43ff159f681a8d18c0e2bc2e402
#2 DONE 0.1s

#3 [internal] load .dockerignore
#3 transferring context: 32B 0.1s
#3 transferring context: 68B 0.1s done
#3 DONE 0.1s

#4 [1/5] FROM docker.io/library/node:22-alpine@sha256:0a7108bf6c7bf5de370ffb1a3ed6be93d405b43ff159f681a8d18c0e2bc2e402
#4 resolve docker.io/library/node:22-alpine@sha256:0a7108bf6c7bf5de370ffb1a3ed6be93d405b43ff159f681a8d18c0e2bc2e402 0.0s done
#4 DONE 0.0s

#5 [2/5] WORKDIR /app
#5 CACHED

#6 [internal] load build context
#6 transferring context: 319B 0.2s done
#6 DONE 0.2s

#7 [3/5] COPY package.json package-lock.json ./
#7 DONE 0.0s

#8 [4/5] RUN npm ci --omit=dev --ignore-scripts && npm cache clean --force
#8 0.849 
#8 0.849 up to date, audited 1 package in 538ms
#8 0.853 
#8 0.853 found 0 vulnerabilities
#8 1.007 npm warn using --force Recommended protections disabled.
#8 DONE 1.2s

#9 [5/5] COPY src ./src
#9 DONE 0.0s

#10 exporting to image
#10 exporting layers
#10 exporting layers 0.2s done
#10 exporting manifest sha256:6c0333ff98f163136fd804228bfcac081473fa5ad6c86755d7b46779bea60447 0.0s done
#10 exporting config sha256:31dc39fa86184511619db7bf95d3953620b906e76fa124e7752f3ae45f382333 0.0s done
#10 exporting attestation manifest sha256:374fec253dcbc9c1438278d22d4f4e96e9305111979412f5022c14b7b430d942 0.0s done
#10 exporting manifest list sha256:34366b875d74029ff940d05fef48e0777f2107707e84b01d09a4bf186fce3792 0.0s done
#10 naming to docker.io/library/adv-s3base1-689478:latest done
#10 unpacking to docker.io/library/adv-s3base1-689478:latest
#10 unpacking to docker.io/library/adv-s3base1-689478:latest 0.3s done
#10 DONE 0.6s
