#0 building with "default" instance using docker driver

#1 [internal] load build definition from Dockerfile
#1 transferring dockerfile: 506B 0.0s done
#1 DONE 0.0s

#2 [internal] load metadata for docker.io/library/node:22-alpine@sha256:0a7108bf6c7bf5de370ffb1a3ed6be93d405b43ff159f681a8d18c0e2bc2e402
#2 DONE 0.1s

#3 [internal] load .dockerignore
#3 transferring context: 32B
#3 transferring context: 68B 0.0s done
#3 DONE 0.0s

#4 [1/5] FROM docker.io/library/node:22-alpine@sha256:0a7108bf6c7bf5de370ffb1a3ed6be93d405b43ff159f681a8d18c0e2bc2e402
#4 resolve docker.io/library/node:22-alpine@sha256:0a7108bf6c7bf5de370ffb1a3ed6be93d405b43ff159f681a8d18c0e2bc2e402 0.0s done
#4 DONE 0.0s

#5 [2/5] WORKDIR /app
#5 CACHED

#6 [internal] load build context
#6 transferring context: 319B 0.1s done
#6 DONE 0.1s

#7 [3/5] COPY package.json package-lock.json ./
#7 DONE 0.0s

#8 [4/5] RUN npm ci --omit=dev --ignore-scripts && npm cache clean --force
#8 0.454 
#8 0.454 up to date, audited 1 package in 278ms
#8 0.456 
#8 0.456 found 0 vulnerabilities
#8 0.545 npm warn using --force Recommended protections disabled.
#8 DONE 0.7s

#9 [5/5] COPY src ./src
#9 DONE 0.0s

#10 exporting to image
#10 exporting layers 0.1s done
#10 exporting manifest sha256:d12fc8b206287782187c1536cf94bc5832ad03df87c6d27be0e6c88fafae4190 done
#10 exporting config sha256:071a34c7c36595a5e9210c1716b33a2b9f0797d7029f88dc78608a9dd7b094fb done
#10 exporting attestation manifest sha256:f394517b963ef5f0517dfcf98eae59d9be40de00a41c5ab0ddc69b447c07ae9d done
#10 exporting manifest list sha256:f5d94fc1ca97e3fd0e6d78582b5b0dd00132b272a269c6ae77eac9851b9a958a done
#10 naming to docker.io/library/adv-s1-beeaec72ff53-612577:latest done
#10 unpacking to docker.io/library/adv-s1-beeaec72ff53-612577:latest 0.1s done
#10 DONE 0.4s
