#0 building with "default" instance using docker driver

#1 [internal] load build definition from Dockerfile
#1 transferring dockerfile: 506B 0.0s done
#1 DONE 0.0s

#2 [internal] load metadata for docker.io/library/node:22-alpine@sha256:0a7108bf6c7bf5de370ffb1a3ed6be93d405b43ff159f681a8d18c0e2bc2e402
#2 DONE 0.0s

#3 [internal] load .dockerignore
#3 transferring context: 68B 0.0s done
#3 DONE 0.0s

#4 [internal] load build context
#4 transferring context: 485B 0.1s done
#4 DONE 0.1s

#5 [1/5] FROM docker.io/library/node:22-alpine@sha256:0a7108bf6c7bf5de370ffb1a3ed6be93d405b43ff159f681a8d18c0e2bc2e402
#5 resolve docker.io/library/node:22-alpine@sha256:0a7108bf6c7bf5de370ffb1a3ed6be93d405b43ff159f681a8d18c0e2bc2e402 0.0s done
#5 DONE 0.0s

#6 [2/5] WORKDIR /app
#6 CACHED

#7 [3/5] COPY package.json package-lock.json ./
#7 DONE 0.0s

#8 [4/5] RUN npm ci --omit=dev --ignore-scripts && npm cache clean --force
#8 0.541 
#8 0.541 up to date, audited 1 package in 334ms
#8 0.542 
#8 0.542 found 0 vulnerabilities
#8 0.644 npm warn using --force Recommended protections disabled.
#8 DONE 0.8s

#9 [5/5] COPY src ./src
#9 DONE 0.0s

#10 exporting to image
#10 exporting layers 0.1s done
#10 exporting manifest sha256:7fef3738207ebb2f3d0de19ebef7446ff69c561dcfef1b104a78802b2894f205 done
#10 exporting config sha256:35d2b351d9715c69b16109bb115e4abee7d16c7984ece135d373ff31eee50277 done
#10 exporting attestation manifest sha256:6e0fda712f8bbd54458ff29ef3f0a2a160af17ab636fa69c0323db1908f4e414 done
#10 exporting manifest list sha256:e98c3dd198681e556040b108425043f6ed753b6ced2fa4b7aa62fbef12de9761 done
#10 naming to docker.io/library/adv-s2-68583038e7ea-653509:latest done
#10 unpacking to docker.io/library/adv-s2-68583038e7ea-653509:latest 0.1s done
#10 DONE 0.2s
