#0 building with "default" instance using docker driver

#1 [internal] load build definition from Dockerfile
#1 transferring dockerfile: 506B 0.1s done
#1 DONE 0.1s

#2 [internal] load metadata for docker.io/library/node:22-alpine@sha256:0a7108bf6c7bf5de370ffb1a3ed6be93d405b43ff159f681a8d18c0e2bc2e402
#2 DONE 0.0s

#3 [internal] load .dockerignore
#3 transferring context: 68B 0.0s done
#3 DONE 0.1s

#4 [1/5] FROM docker.io/library/node:22-alpine@sha256:0a7108bf6c7bf5de370ffb1a3ed6be93d405b43ff159f681a8d18c0e2bc2e402
#4 resolve docker.io/library/node:22-alpine@sha256:0a7108bf6c7bf5de370ffb1a3ed6be93d405b43ff159f681a8d18c0e2bc2e402 0.0s done
#4 DONE 0.1s

#5 [2/5] WORKDIR /app
#5 CACHED

#6 [internal] load build context
#6 transferring context: 110.98kB 0.2s done
#6 DONE 0.2s

#7 [3/5] COPY package.json package-lock.json ./
#7 DONE 0.0s

#8 [4/5] RUN npm ci --omit=dev --ignore-scripts && npm cache clean --force
#8 1.257 
#8 1.257 up to date, audited 1 package in 867ms
#8 1.257 
#8 1.257 found 0 vulnerabilities
#8 1.531 npm warn using --force Recommended protections disabled.
#8 DONE 1.8s

#9 [5/5] COPY src ./src
#9 DONE 0.0s

#10 exporting to image
#10 exporting layers
#10 exporting layers 0.3s done
#10 exporting manifest sha256:16684b195d08206ef4ada6c6a558656a1c09a9ff6906dc365cac754213615d19 0.0s done
#10 exporting config sha256:aedeab66b63c1767ca6ca1a7301aa42fdcdd07f1846d9126ac8b59c7027a4201 0.0s done
#10 exporting attestation manifest sha256:f579129a2d6440b6c9b73239616e7cc5b35c66e8fed9b6238e08f72755bda18e 0.0s done
#10 exporting manifest list sha256:be168b8924205769ecefb2687c4baa97690b2c549db95088d8adaf7155eeec59 0.0s done
#10 naming to docker.io/library/adv-s3base2-679300:latest done
#10 unpacking to docker.io/library/adv-s3base2-679300:latest 0.1s done
#10 DONE 0.5s
