#0 building with "default" instance using docker driver

#1 [internal] load build definition from Dockerfile
#1 transferring dockerfile: 506B 0.1s done
#1 DONE 0.1s

#2 [internal] load metadata for docker.io/library/node:22-alpine@sha256:0a7108bf6c7bf5de370ffb1a3ed6be93d405b43ff159f681a8d18c0e2bc2e402
#2 DONE 0.0s

#3 [internal] load .dockerignore
#3 transferring context: 68B 0.0s done
#3 DONE 0.1s

#4 [internal] load build context
#4 transferring context: 46.37kB 0.1s done
#4 DONE 0.1s

#5 [1/5] FROM docker.io/library/node:22-alpine@sha256:0a7108bf6c7bf5de370ffb1a3ed6be93d405b43ff159f681a8d18c0e2bc2e402
#5 resolve docker.io/library/node:22-alpine@sha256:0a7108bf6c7bf5de370ffb1a3ed6be93d405b43ff159f681a8d18c0e2bc2e402 0.0s done
#5 DONE 0.0s

#6 [2/5] WORKDIR /app
#6 CACHED

#7 [3/5] COPY package.json package-lock.json ./
#7 DONE 0.0s

#8 [4/5] RUN npm ci --omit=dev --ignore-scripts && npm cache clean --force
#8 1.213 
#8 1.213 up to date, audited 1 package in 873ms
#8 1.215 
#8 1.215 found 0 vulnerabilities
#8 1.472 npm warn using --force Recommended protections disabled.
#8 DONE 1.8s

#9 [5/5] COPY src ./src
#9 DONE 0.1s

#10 exporting to image
#10 exporting layers
#10 exporting layers 0.5s done
#10 exporting manifest sha256:9d17ce128bee70fc4ffcdec776ebf8270a5c4c21e4417c4fb5ea291dad95f60e 0.0s done
#10 exporting config sha256:27de78cf1c1fc3bd848f8c1798427171ffd2da32b2cbde3780c7298a99356f2e 0.0s done
#10 exporting attestation manifest sha256:1613023699c8097e87ac675538288435e7a7ab68d948591552152a7580aea7df 0.0s done
#10 exporting manifest list sha256:969e49e92afd3c6fe58771861cea0e88c2fab35a0b203d9fac13bd3e6f0131d5
#10 exporting manifest list sha256:969e49e92afd3c6fe58771861cea0e88c2fab35a0b203d9fac13bd3e6f0131d5 0.0s done
#10 naming to docker.io/library/adv-s3base1-679300:latest 0.0s done
#10 unpacking to docker.io/library/adv-s3base1-679300:latest
#10 unpacking to docker.io/library/adv-s3base1-679300:latest 0.3s done
#10 DONE 1.1s
