#0 building with "default" instance using docker driver

#1 [internal] load build definition from Dockerfile
#1 transferring dockerfile: 506B 0.0s done
#1 DONE 0.0s

#2 [internal] load metadata for docker.io/library/node:22-alpine@sha256:0a7108bf6c7bf5de370ffb1a3ed6be93d405b43ff159f681a8d18c0e2bc2e402
#2 DONE 0.0s

#3 [internal] load .dockerignore
#3 transferring context: 68B 0.0s done
#3 DONE 0.0s

#4 [internal] load build context
#4 transferring context: 485B 0.1s done
#4 DONE 0.1s

#5 [1/5] FROM docker.io/library/node:22-alpine@sha256:0a7108bf6c7bf5de370ffb1a3ed6be93d405b43ff159f681a8d18c0e2bc2e402
#5 resolve docker.io/library/node:22-alpine@sha256:0a7108bf6c7bf5de370ffb1a3ed6be93d405b43ff159f681a8d18c0e2bc2e402 0.0s done
#5 DONE 0.0s

#6 [2/5] WORKDIR /app
#6 CACHED

#7 [3/5] COPY package.json package-lock.json ./
#7 DONE 0.0s

#8 [4/5] RUN npm ci --omit=dev --ignore-scripts && npm cache clean --force
#8 0.887 
#8 0.887 up to date, audited 1 package in 629ms
#8 0.888 
#8 0.888 found 0 vulnerabilities
#8 1.123 npm warn using --force Recommended protections disabled.
#8 DONE 1.5s

#9 [5/5] COPY src ./src
#9 DONE 0.1s

#10 exporting to image
#10 exporting layers
#10 exporting layers 0.3s done
#10 exporting manifest sha256:9635df5d897099bd0cde9b5793329f6313abbd16a1ad9001f50e5e11ecbf9d3a 0.0s done
#10 exporting config sha256:735d6b2cb656cee05d8ea74c772768025a23162767df8e31951ee471056247a3 0.0s done
#10 exporting attestation manifest sha256:91a98ced10fc01625ad2e82d5dd127e1af649bf7b56f980382f62812e2b2fa16 0.0s done
#10 exporting manifest list sha256:0ebe96749bc1ca1476cf0f118e822a8b331ed01450c31b7562e0e3805d3006b3
#10 exporting manifest list sha256:0ebe96749bc1ca1476cf0f118e822a8b331ed01450c31b7562e0e3805d3006b3 0.0s done
#10 naming to docker.io/library/adv-s2-68583038e7ea-660671:latest done
#10 unpacking to docker.io/library/adv-s2-68583038e7ea-660671:latest
#10 unpacking to docker.io/library/adv-s2-68583038e7ea-660671:latest 0.2s done
#10 DONE 0.7s
