#0 building with "default" instance using docker driver

#1 [internal] load build definition from Dockerfile
#1 transferring dockerfile: 506B 0.0s done
#1 DONE 0.0s

#2 [internal] load metadata for docker.io/library/node:22-alpine@sha256:0a7108bf6c7bf5de370ffb1a3ed6be93d405b43ff159f681a8d18c0e2bc2e402
#2 DONE 0.0s

#3 [internal] load .dockerignore
#3 transferring context: 68B 0.0s done
#3 DONE 0.0s

#4 [1/5] FROM docker.io/library/node:22-alpine@sha256:0a7108bf6c7bf5de370ffb1a3ed6be93d405b43ff159f681a8d18c0e2bc2e402
#4 resolve docker.io/library/node:22-alpine@sha256:0a7108bf6c7bf5de370ffb1a3ed6be93d405b43ff159f681a8d18c0e2bc2e402 0.0s done
#4 DONE 0.0s

#5 [2/5] WORKDIR /app
#5 CACHED

#6 [internal] load build context
#6 transferring context: 46.34kB 0.1s done
#6 DONE 0.1s

#7 [3/5] COPY package.json package-lock.json ./
#7 DONE 0.0s

#8 [4/5] RUN npm ci --omit=dev --ignore-scripts && npm cache clean --force
#8 0.630 
#8 0.630 up to date, audited 1 package in 370ms
#8 0.631 
#8 0.631 found 0 vulnerabilities
#8 0.756 npm warn using --force Recommended protections disabled.
#8 DONE 0.9s

#9 [5/5] COPY src ./src
#9 DONE 0.0s

#10 exporting to image
#10 exporting layers
#10 exporting layers 0.2s done
#10 exporting manifest sha256:8a461cd6fdfc0819fa667728f450e3b87d54591d6126030583639c61674d9fa7 0.0s done
#10 exporting config sha256:6e40ad5052759d638b3307f06238a28f9d7d733d3355b275c5716b36ba88228f done
#10 exporting attestation manifest sha256:8d0963b1e3bb546a73b5c36179fcaa9e7ce24f18e3aaaf62b9a386f92d3cd419 0.0s done
#10 exporting manifest list sha256:206a73c6a65376dac81866ece0a22c2e5a06482f6b1ecda55790d2d7ab6e2443 0.0s done
#10 naming to docker.io/library/adv-s1-beeaec72ff53-598297:latest done
#10 unpacking to docker.io/library/adv-s1-beeaec72ff53-598297:latest 0.1s done
#10 DONE 0.4s
