#0 building with "default" instance using docker driver

#1 [internal] load build definition from Dockerfile
#1 transferring dockerfile: 506B 0.1s done
#1 DONE 0.1s

#2 [internal] load metadata for docker.io/library/node:22-alpine@sha256:0a7108bf6c7bf5de370ffb1a3ed6be93d405b43ff159f681a8d18c0e2bc2e402
#2 DONE 0.0s

#3 [internal] load .dockerignore
#3 transferring context: 32B 0.0s
#3 transferring context: 68B 0.1s done
#3 DONE 0.1s

#4 [1/5] FROM docker.io/library/node:22-alpine@sha256:0a7108bf6c7bf5de370ffb1a3ed6be93d405b43ff159f681a8d18c0e2bc2e402
#4 resolve docker.io/library/node:22-alpine@sha256:0a7108bf6c7bf5de370ffb1a3ed6be93d405b43ff159f681a8d18c0e2bc2e402 0.0s done
#4 DONE 0.0s

#5 [2/5] WORKDIR /app
#5 CACHED

#6 [internal] load build context
#6 transferring context: 319B 0.1s done
#6 DONE 0.1s

#7 [3/5] COPY package.json package-lock.json ./
#7 DONE 0.0s

#8 [4/5] RUN npm ci --omit=dev --ignore-scripts && npm cache clean --force
#8 0.457 
#8 0.457 up to date, audited 1 package in 282ms
#8 0.460 
#8 0.460 found 0 vulnerabilities
#8 0.561 npm warn using --force Recommended protections disabled.
#8 DONE 0.7s

#9 [5/5] COPY src ./src
#9 DONE 0.0s

#10 exporting to image
#10 exporting layers 0.1s done
#10 exporting manifest sha256:bf933161b573f391581830ad307c50205d25c38558fb1fd5aded85728204888a done
#10 exporting config sha256:01f70e457869472f4f45ecbf61c8895102e9198c4da2ea359b879bdc007798dd done
#10 exporting attestation manifest sha256:4e4ba0bcd03aeb04755621826c5bf396a8f0cf6585e66b5d4b5d76d8e1cad31e 0.0s done
#10 exporting manifest list sha256:3ba9e008320bf52b082fababc1ed98b5fb1c506a1c2ab337d9235726a8b21ff0 done
#10 naming to docker.io/library/adv-s1-beeaec72ff53-608613:latest done
#10 unpacking to docker.io/library/adv-s1-beeaec72ff53-608613:latest 0.1s done
#10 DONE 0.3s
