#0 building with "default" instance using docker driver

#1 [internal] load build definition from Dockerfile
#1 transferring dockerfile: 506B 0.0s done
#1 DONE 0.0s

#2 [internal] load metadata for docker.io/library/node:22-alpine@sha256:0a7108bf6c7bf5de370ffb1a3ed6be93d405b43ff159f681a8d18c0e2bc2e402
#2 DONE 0.0s

#3 [internal] load .dockerignore
#3 transferring context: 68B 0.0s done
#3 DONE 0.1s

#4 [1/5] FROM docker.io/library/node:22-alpine@sha256:0a7108bf6c7bf5de370ffb1a3ed6be93d405b43ff159f681a8d18c0e2bc2e402
#4 resolve docker.io/library/node:22-alpine@sha256:0a7108bf6c7bf5de370ffb1a3ed6be93d405b43ff159f681a8d18c0e2bc2e402 0.0s done
#4 DONE 0.0s

#5 [2/5] WORKDIR /app
#5 CACHED

#6 [internal] load build context
#6 transferring context: 485B 0.2s done
#6 DONE 0.2s

#7 [3/5] COPY package.json package-lock.json ./
#7 DONE 0.0s

#8 [4/5] RUN npm ci --omit=dev --ignore-scripts && npm cache clean --force
#8 0.721 
#8 0.721 up to date, audited 1 package in 450ms
#8 0.723 
#8 0.723 found 0 vulnerabilities
#8 0.962 npm warn using --force Recommended protections disabled.
#8 DONE 1.2s

#9 [5/5] COPY src ./src
#9 DONE 0.0s

#10 exporting to image
#10 exporting layers
#10 exporting layers 0.2s done
#10 exporting manifest sha256:02d7608e30449c171f4de23b6baddc91d5362c0b382cbf9dad2cb069a1aefc43 0.0s done
#10 exporting config sha256:61139e6f22d142011f85448ab7bb24b9e3aba27b579adf4783c5bb6bbb153c69 0.0s done
#10 exporting attestation manifest sha256:a9167ff94ddbc879792978dd3a1ae76e8d5a25d4f7111f68fc9420dfd5537d83 0.0s done
#10 exporting manifest list sha256:8c299aa4aefca929459efadfc316fed679ca2508e501df017f58d24005f8d574 0.0s done
#10 naming to docker.io/library/adv-s2-68583038e7ea-662631:latest done
#10 unpacking to docker.io/library/adv-s2-68583038e7ea-662631:latest
#10 unpacking to docker.io/library/adv-s2-68583038e7ea-662631:latest 0.2s done
#10 DONE 0.6s
