#0 building with "default" instance using docker driver

#1 [internal] load build definition from Dockerfile
#1 transferring dockerfile: 506B 0.1s done
#1 DONE 0.1s

#2 [internal] load metadata for docker.io/library/node:22-alpine@sha256:0a7108bf6c7bf5de370ffb1a3ed6be93d405b43ff159f681a8d18c0e2bc2e402
#2 DONE 0.1s

#3 [internal] load .dockerignore
#3 transferring context: 32B 0.0s
#3 transferring context: 68B 0.1s done
#3 DONE 0.1s

#4 [1/5] FROM docker.io/library/node:22-alpine@sha256:0a7108bf6c7bf5de370ffb1a3ed6be93d405b43ff159f681a8d18c0e2bc2e402
#4 resolve docker.io/library/node:22-alpine@sha256:0a7108bf6c7bf5de370ffb1a3ed6be93d405b43ff159f681a8d18c0e2bc2e402 0.1s done
#4 DONE 0.1s

#5 [2/5] WORKDIR /app
#5 CACHED

#6 [internal] load build context
#6 transferring context: 46.37kB 0.2s done
#6 DONE 0.2s

#7 [3/5] COPY package.json package-lock.json ./
#7 DONE 0.0s

#8 [4/5] RUN npm ci --omit=dev --ignore-scripts && npm cache clean --force
#8 1.158 
#8 1.158 up to date, audited 1 package in 810ms
#8 1.159 
#8 1.159 found 0 vulnerabilities
#8 1.676 npm warn using --force Recommended protections disabled.
#8 DONE 2.1s

#9 [5/5] COPY src ./src
#9 DONE 0.1s

#10 exporting to image
#10 exporting layers
#10 exporting layers 0.2s done
#10 exporting manifest sha256:5ce6927b656409b84e78b583e7ed0cbeeed57c4af5cfb0a3db626f71b31e06d4
#10 exporting manifest sha256:5ce6927b656409b84e78b583e7ed0cbeeed57c4af5cfb0a3db626f71b31e06d4 0.0s done
#10 exporting config sha256:70585301b6632df23fb746afc1c75786b798aa36b192ddfbb58fa33bc18b5ae9 0.1s done
#10 exporting attestation manifest sha256:3a82de9b503a257f64f0068e84787a623e516e70b279d3d45cfb95b0a8f2aeda
#10 exporting attestation manifest sha256:3a82de9b503a257f64f0068e84787a623e516e70b279d3d45cfb95b0a8f2aeda 0.1s done
#10 exporting manifest list sha256:352785be899b88aa4adb49603ed6dc92ca12e7d0a863286f26de72048b5b2794
#10 exporting manifest list sha256:352785be899b88aa4adb49603ed6dc92ca12e7d0a863286f26de72048b5b2794 0.1s done
#10 naming to docker.io/library/adv-s1-beeaec72ff53-618212:latest done
#10 unpacking to docker.io/library/adv-s1-beeaec72ff53-618212:latest
#10 unpacking to docker.io/library/adv-s1-beeaec72ff53-618212:latest 0.4s done
#10 DONE 1.1s
