#0 building with "default" instance using docker driver

#1 [internal] load build definition from Dockerfile
#1 transferring dockerfile: 30B 0.1s
#1 transferring dockerfile: 506B 0.3s done
#1 DONE 0.3s

#2 [internal] load metadata for docker.io/library/node:22-alpine@sha256:0a7108bf6c7bf5de370ffb1a3ed6be93d405b43ff159f681a8d18c0e2bc2e402
#2 DONE 0.0s

#3 [internal] load .dockerignore
#3 transferring context:
#3 transferring context: 68B 0.5s done
#3 DONE 0.5s

#4 [1/5] FROM docker.io/library/node:22-alpine@sha256:0a7108bf6c7bf5de370ffb1a3ed6be93d405b43ff159f681a8d18c0e2bc2e402
#4 resolve docker.io/library/node:22-alpine@sha256:0a7108bf6c7bf5de370ffb1a3ed6be93d405b43ff159f681a8d18c0e2bc2e402 0.0s done
#4 DONE 0.0s

#5 [2/5] WORKDIR /app
#5 CACHED

#6 [internal] load build context
#6 transferring context: 46.34kB 0.1s done
#6 DONE 0.1s

#7 [3/5] COPY package.json package-lock.json ./
#7 DONE 0.0s

#8 [4/5] RUN npm ci --omit=dev --ignore-scripts && npm cache clean --force
#8 0.669 
#8 0.669 up to date, audited 1 package in 388ms
#8 0.674 
#8 0.674 found 0 vulnerabilities
#8 0.798 npm warn using --force Recommended protections disabled.
#8 DONE 1.0s

#9 [5/5] COPY src ./src
#9 DONE 0.2s

#10 exporting to image
#10 exporting layers 0.1s done
#10 exporting manifest sha256:4f6ef22109af13a30867ccff389a9af237b4c973fe4e4099a0f6961a073f2bbc done
#10 exporting config sha256:fee0788f6f8b09c800aa98c327440cb8f00010608564cc8f2990aeeacfcf8a73 done
#10 exporting attestation manifest sha256:b9d428f2527496336169715f01f712c949bce6b3c146cf95edfdd6af1f15bd4f done
#10 exporting manifest list sha256:707e675343d60512dc52b1ff3ec1a3482e7a1af9077184d960f91346555868bb done
#10 naming to docker.io/library/adv-s1-beeaec72ff53-602344:latest done
#10 unpacking to docker.io/library/adv-s1-beeaec72ff53-602344:latest 0.1s done
#10 DONE 0.3s
