#0 building with "default" instance using docker driver

#1 [internal] load build definition from Dockerfile
#1 transferring dockerfile: 506B 0.1s done
#1 DONE 0.1s

#2 [internal] load metadata for docker.io/library/node:22-alpine@sha256:0a7108bf6c7bf5de370ffb1a3ed6be93d405b43ff159f681a8d18c0e2bc2e402
#2 DONE 0.0s

#3 [internal] load .dockerignore
#3 transferring context: 68B 0.1s done
#3 DONE 0.1s

#4 [1/5] FROM docker.io/library/node:22-alpine@sha256:0a7108bf6c7bf5de370ffb1a3ed6be93d405b43ff159f681a8d18c0e2bc2e402
#4 resolve docker.io/library/node:22-alpine@sha256:0a7108bf6c7bf5de370ffb1a3ed6be93d405b43ff159f681a8d18c0e2bc2e402 0.0s done
#4 DONE 0.0s

#5 [internal] load build context
#5 ...

#6 [2/5] WORKDIR /app
#6 CACHED

#5 [internal] load build context
#5 transferring context: 46.37kB 0.2s done
#5 DONE 0.2s

#7 [3/5] COPY package.json package-lock.json ./
#7 DONE 0.1s

#8 [4/5] RUN npm ci --omit=dev --ignore-scripts && npm cache clean --force
#8 1.517 
#8 1.517 up to date, audited 1 package in 1s
#8 1.520 
#8 1.520 found 0 vulnerabilities
#8 1.807 npm warn using --force Recommended protections disabled.
#8 DONE 2.4s

#9 [5/5] COPY src ./src
#9 DONE 0.7s

#10 exporting to image
#10 exporting layers
#10 exporting layers 0.3s done
#10 exporting manifest sha256:8f756e14b5682330200367af36875f233c6a69ed1af06ede7f879c75cac1f4c4
#10 exporting manifest sha256:8f756e14b5682330200367af36875f233c6a69ed1af06ede7f879c75cac1f4c4 0.0s done
#10 exporting config sha256:914d4b406187a7657837e827af95cb97d3b963cd27cff8eea65441ead0e5d152 0.1s done
#10 exporting attestation manifest sha256:f868b383564a297dcfe15ddf3e79a82034e123f00518fbe039c2f6b9e4f391d3
#10 exporting attestation manifest sha256:f868b383564a297dcfe15ddf3e79a82034e123f00518fbe039c2f6b9e4f391d3 0.0s done
#10 exporting manifest list sha256:74a683c3086aa3c63b2e5b457dff1cdaf361356f2e9e7c286900bb252b4d958a 0.0s done
#10 naming to docker.io/library/adv-s4base1-719522:latest done
#10 unpacking to docker.io/library/adv-s4base1-719522:latest
#10 unpacking to docker.io/library/adv-s4base1-719522:latest 0.2s done
#10 DONE 0.7s
