#0 building with "default" instance using docker driver

#1 [internal] load build definition from Dockerfile
#1 transferring dockerfile: 504B 0.2s
#1 transferring dockerfile: 506B 0.2s done
#1 DONE 0.2s

#2 [internal] load metadata for docker.io/library/node:22-alpine@sha256:0a7108bf6c7bf5de370ffb1a3ed6be93d405b43ff159f681a8d18c0e2bc2e402
#2 DONE 0.0s

#3 [internal] load .dockerignore
#3 transferring context: 66B 0.2s
#3 transferring context: 68B 0.2s done
#3 DONE 0.2s

#4 [1/5] FROM docker.io/library/node:22-alpine@sha256:0a7108bf6c7bf5de370ffb1a3ed6be93d405b43ff159f681a8d18c0e2bc2e402
#4 resolve docker.io/library/node:22-alpine@sha256:0a7108bf6c7bf5de370ffb1a3ed6be93d405b43ff159f681a8d18c0e2bc2e402 0.0s done
#4 DONE 0.0s

#5 [2/5] WORKDIR /app
#5 CACHED

#6 [internal] load build context
#6 transferring context: 110.98kB 0.3s done
#6 DONE 0.4s

#7 [3/5] COPY package.json package-lock.json ./
#7 DONE 0.1s

#8 [4/5] RUN npm ci --omit=dev --ignore-scripts && npm cache clean --force
#8 1.434 
#8 1.434 up to date, audited 1 package in 973ms
#8 1.434 
#8 1.434 found 0 vulnerabilities
#8 1.745 npm warn using --force Recommended protections disabled.
#8 DONE 2.3s

#9 [5/5] COPY src ./src
#9 DONE 1.3s

#10 exporting to image
#10 exporting layers
#10 exporting layers 1.2s done
#10 exporting manifest sha256:01b68256b2cfb9838a014297ee7d4b9ede271dd5a0ceedee8788bf9307a5af1b 0.0s done
#10 exporting config sha256:c5169cb8eee58eb33e7d794460b3c80cb7e97abcce468e7d95414a7f22619e3b 0.0s done
#10 exporting attestation manifest sha256:ca97016e99f1e8670eecf0176a629ddd765a4340dc28e36c48ebebff5fd936e0 0.0s done
#10 exporting manifest list sha256:53322332b1beac2a82e126cab679f368585521c2a9d8c685184aa2b9c25efe7c 0.0s done
#10 naming to docker.io/library/adv-s4base2-719522:latest
#10 naming to docker.io/library/adv-s4base2-719522:latest done
#10 unpacking to docker.io/library/adv-s4base2-719522:latest 0.1s done
#10 DONE 1.6s
