#0 building with "default" instance using docker driver

#1 [internal] load build definition from Dockerfile
#1 transferring dockerfile: 506B 0.1s done
#1 DONE 0.1s

#2 [internal] load metadata for docker.io/library/node:22-alpine@sha256:0a7108bf6c7bf5de370ffb1a3ed6be93d405b43ff159f681a8d18c0e2bc2e402
#2 DONE 0.0s

#3 [internal] load .dockerignore
#3 transferring context: 66B 0.1s
#3 transferring context: 68B 0.1s done
#3 DONE 0.2s

#4 [1/5] FROM docker.io/library/node:22-alpine@sha256:0a7108bf6c7bf5de370ffb1a3ed6be93d405b43ff159f681a8d18c0e2bc2e402
#4 resolve docker.io/library/node:22-alpine@sha256:0a7108bf6c7bf5de370ffb1a3ed6be93d405b43ff159f681a8d18c0e2bc2e402 0.0s done
#4 DONE 0.1s

#5 [2/5] WORKDIR /app
#5 CACHED

#6 [internal] load build context
#6 transferring context: 46.37kB 0.2s done
#6 DONE 0.2s

#7 [3/5] COPY package.json package-lock.json ./
#7 DONE 0.0s

#8 [4/5] RUN npm ci --omit=dev --ignore-scripts && npm cache clean --force
#8 1.006 
#8 1.006 up to date, audited 1 package in 620ms
#8 1.009 
#8 1.009 found 0 vulnerabilities
#8 1.166 npm warn using --force Recommended protections disabled.
#8 DONE 1.4s

#9 [5/5] COPY src ./src
#9 DONE 0.0s

#10 exporting to image
#10 exporting layers
#10 exporting layers 0.2s done
#10 exporting manifest sha256:a5949c02656958a1742ebc89501541a69c877d40079ab32bc6c1bc478220a998 0.0s done
#10 exporting config sha256:192278415a5745ed3fe261e57b7dcc7ceda85ac4081b82cc61557aae2086b86d done
#10 exporting attestation manifest sha256:26b4a3b1db340cb888a2b85f1d4f6fc41fcd585378793fd762233143eb701cbf 0.0s done
#10 exporting manifest list sha256:f6613f5638c4918e8cb54b8b4ef797435b55f1445dce97ec2f231137da630135 0.0s done
#10 naming to docker.io/library/adv-s3base1-698658:latest done
#10 unpacking to docker.io/library/adv-s3base1-698658:latest 0.1s done
#10 DONE 0.4s
