#0 building with "default" instance using docker driver

#1 [internal] load build definition from Dockerfile
#1 transferring dockerfile: 506B 0.0s done
#1 DONE 0.0s

#2 [internal] load metadata for docker.io/library/node:22-alpine@sha256:0a7108bf6c7bf5de370ffb1a3ed6be93d405b43ff159f681a8d18c0e2bc2e402
#2 DONE 0.0s

#3 [internal] load .dockerignore
#3 transferring context: 68B 0.0s done
#3 DONE 0.0s

#4 [internal] load build context
#4 transferring context: 133.27kB 0.1s done
#4 DONE 0.1s

#5 [1/5] FROM docker.io/library/node:22-alpine@sha256:0a7108bf6c7bf5de370ffb1a3ed6be93d405b43ff159f681a8d18c0e2bc2e402
#5 resolve docker.io/library/node:22-alpine@sha256:0a7108bf6c7bf5de370ffb1a3ed6be93d405b43ff159f681a8d18c0e2bc2e402 0.0s done
#5 DONE 0.0s

#6 [2/5] WORKDIR /app
#6 CACHED

#7 [3/5] COPY package.json package-lock.json ./
#7 DONE 0.0s

#8 [4/5] RUN npm ci --omit=dev --ignore-scripts && npm cache clean --force
#8 0.615 
#8 0.615 up to date, audited 1 package in 392ms
#8 0.616 
#8 0.616 found 0 vulnerabilities
#8 0.748 npm warn using --force Recommended protections disabled.
#8 DONE 0.9s

#9 [5/5] COPY src ./src
#9 DONE 0.0s

#10 exporting to image
#10 exporting layers
#10 exporting layers 0.2s done
#10 exporting manifest sha256:0741d6b1421869423a892b3c9e4491244f8b732207cbdfdeb5def20d46d578f4 0.0s done
#10 exporting config sha256:fa93135a1a57550412a63b2c777bc7241ffe66fe757e3ea0e533ef9f273290fe 0.0s done
#10 exporting attestation manifest sha256:d0af2e04c6ddb33989033e9b1aca8ea684132dfccdec55d02275f601b0dae721 0.0s done
#10 exporting manifest list sha256:840e8129c6d7dc459091b1ff6bf6c6934ca7ecc9446f73c5e475784edab9585c 0.0s done
#10 naming to docker.io/library/adv-s3-51a0bdd1c482-698658:latest done
#10 unpacking to docker.io/library/adv-s3-51a0bdd1c482-698658:latest 0.1s done
#10 DONE 0.5s
