#0 building with "default" instance using docker driver

#1 [internal] load build definition from Dockerfile
#1 transferring dockerfile: 506B 0.1s done
#1 DONE 0.1s

#2 [internal] load metadata for docker.io/library/node:22-alpine@sha256:0a7108bf6c7bf5de370ffb1a3ed6be93d405b43ff159f681a8d18c0e2bc2e402
#2 DONE 0.1s

#3 [internal] load .dockerignore
#3 transferring context: 68B 0.0s done
#3 DONE 0.1s

#4 [1/5] FROM docker.io/library/node:22-alpine@sha256:0a7108bf6c7bf5de370ffb1a3ed6be93d405b43ff159f681a8d18c0e2bc2e402
#4 resolve docker.io/library/node:22-alpine@sha256:0a7108bf6c7bf5de370ffb1a3ed6be93d405b43ff159f681a8d18c0e2bc2e402 0.1s done
#4 DONE 0.1s

#5 [2/5] WORKDIR /app
#5 CACHED

#6 [internal] load build context
#6 transferring context: 110.98kB 0.3s done
#6 DONE 0.3s

#7 [3/5] COPY package.json package-lock.json ./
#7 DONE 0.0s

#8 [4/5] RUN npm ci --omit=dev --ignore-scripts && npm cache clean --force
#8 1.088 
#8 1.088 up to date, audited 1 package in 749ms
#8 1.090 
#8 1.090 found 0 vulnerabilities
#8 1.306 npm warn using --force Recommended protections disabled.
#8 DONE 1.6s

#9 [5/5] COPY src ./src
#9 DONE 0.0s

#10 exporting to image
#10 exporting layers
#10 exporting layers 0.2s done
#10 exporting manifest sha256:fd0095e1eeb1cfbb7c6f9313ffc840e5d4dff38d4945963f6ad1c5403f718e6d 0.0s done
#10 exporting config sha256:7600b9abddeabc92d87db8a744d50169e7d411c972c9b6414eb54fd74fcf19e0 0.0s done
#10 exporting attestation manifest sha256:2540e6c2055adfb5edec3af1604b6c90d8bf819b908fc5db48a704ebab0eb88f 0.0s done
#10 exporting manifest list sha256:ecb875f94f119e0beaa964f1c9f05ccd0eb4c7cf1e2db02924b7fc441bd4930b 0.0s done
#10 naming to docker.io/library/adv-s3base2-698658:latest done
#10 unpacking to docker.io/library/adv-s3base2-698658:latest 0.1s done
#10 DONE 0.5s
